Archive member included to satisfy reference by file (symbol)

c:/program files (x86)/atollic/truestudio for arm 8.0.0/armtools/bin/../lib/gcc/arm-atollic-eabi/6.3.1/../../../../arm-atollic-eabi/lib/armv7e-m\libc_nano.a(lib_a-init.o)
                              src\startup_stm32f769xx.o (__libc_init_array)
c:/program files (x86)/atollic/truestudio for arm 8.0.0/armtools/bin/../lib/gcc/arm-atollic-eabi/6.3.1/../../../../arm-atollic-eabi/lib/armv7e-m\libc_nano.a(lib_a-memset.o)
                              Drivers\CMSIS\DSP_Lib\Source\ControllerFunctions\arm_pid_init_f32.o (memset)
c:/program files (x86)/atollic/truestudio for arm 8.0.0/armtools/bin/../lib/gcc/arm-atollic-eabi/6.3.1/../../../../arm-atollic-eabi/lib/armv7e-m\libc_nano.a(lib_a-strlen.o)
                              src\tiny_printf.o (strlen)
c:/program files (x86)/atollic/truestudio for arm 8.0.0/armtools/bin/../lib/gcc/arm-atollic-eabi/6.3.1/../../../../arm-atollic-eabi/lib/armv7e-m\libm.a(lib_a-s_cos.o)
                              src\main.o (cos)
c:/program files (x86)/atollic/truestudio for arm 8.0.0/armtools/bin/../lib/gcc/arm-atollic-eabi/6.3.1/../../../../arm-atollic-eabi/lib/armv7e-m\libm.a(lib_a-w_atan2.o)
                              src\main.o (atan2)
c:/program files (x86)/atollic/truestudio for arm 8.0.0/armtools/bin/../lib/gcc/arm-atollic-eabi/6.3.1/../../../../arm-atollic-eabi/lib/armv7e-m\libm.a(lib_a-wf_sqrt.o)
                              Drivers\CMSIS\DSP_Lib\Source\ComplexMathFunctions\arm_cmplx_mag_f32.o (sqrtf)
c:/program files (x86)/atollic/truestudio for arm 8.0.0/armtools/bin/../lib/gcc/arm-atollic-eabi/6.3.1/../../../../arm-atollic-eabi/lib/armv7e-m\libm.a(lib_a-e_atan2.o)
                              c:/program files (x86)/atollic/truestudio for arm 8.0.0/armtools/bin/../lib/gcc/arm-atollic-eabi/6.3.1/../../../../arm-atollic-eabi/lib/armv7e-m\libm.a(lib_a-w_atan2.o) (__ieee754_atan2)
c:/program files (x86)/atollic/truestudio for arm 8.0.0/armtools/bin/../lib/gcc/arm-atollic-eabi/6.3.1/../../../../arm-atollic-eabi/lib/armv7e-m\libm.a(lib_a-e_rem_pio2.o)
                              c:/program files (x86)/atollic/truestudio for arm 8.0.0/armtools/bin/../lib/gcc/arm-atollic-eabi/6.3.1/../../../../arm-atollic-eabi/lib/armv7e-m\libm.a(lib_a-s_cos.o) (__ieee754_rem_pio2)
c:/program files (x86)/atollic/truestudio for arm 8.0.0/armtools/bin/../lib/gcc/arm-atollic-eabi/6.3.1/../../../../arm-atollic-eabi/lib/armv7e-m\libm.a(lib_a-ef_sqrt.o)
                              c:/program files (x86)/atollic/truestudio for arm 8.0.0/armtools/bin/../lib/gcc/arm-atollic-eabi/6.3.1/../../../../arm-atollic-eabi/lib/armv7e-m\libm.a(lib_a-wf_sqrt.o) (__ieee754_sqrtf)
c:/program files (x86)/atollic/truestudio for arm 8.0.0/armtools/bin/../lib/gcc/arm-atollic-eabi/6.3.1/../../../../arm-atollic-eabi/lib/armv7e-m\libm.a(lib_a-k_cos.o)
                              c:/program files (x86)/atollic/truestudio for arm 8.0.0/armtools/bin/../lib/gcc/arm-atollic-eabi/6.3.1/../../../../arm-atollic-eabi/lib/armv7e-m\libm.a(lib_a-s_cos.o) (__kernel_cos)
c:/program files (x86)/atollic/truestudio for arm 8.0.0/armtools/bin/../lib/gcc/arm-atollic-eabi/6.3.1/../../../../arm-atollic-eabi/lib/armv7e-m\libm.a(lib_a-k_rem_pio2.o)
                              c:/program files (x86)/atollic/truestudio for arm 8.0.0/armtools/bin/../lib/gcc/arm-atollic-eabi/6.3.1/../../../../arm-atollic-eabi/lib/armv7e-m\libm.a(lib_a-e_rem_pio2.o) (__kernel_rem_pio2)
c:/program files (x86)/atollic/truestudio for arm 8.0.0/armtools/bin/../lib/gcc/arm-atollic-eabi/6.3.1/../../../../arm-atollic-eabi/lib/armv7e-m\libm.a(lib_a-k_sin.o)
                              c:/program files (x86)/atollic/truestudio for arm 8.0.0/armtools/bin/../lib/gcc/arm-atollic-eabi/6.3.1/../../../../arm-atollic-eabi/lib/armv7e-m\libm.a(lib_a-s_cos.o) (__kernel_sin)
c:/program files (x86)/atollic/truestudio for arm 8.0.0/armtools/bin/../lib/gcc/arm-atollic-eabi/6.3.1/../../../../arm-atollic-eabi/lib/armv7e-m\libm.a(lib_a-s_atan.o)
                              c:/program files (x86)/atollic/truestudio for arm 8.0.0/armtools/bin/../lib/gcc/arm-atollic-eabi/6.3.1/../../../../arm-atollic-eabi/lib/armv7e-m\libm.a(lib_a-e_atan2.o) (atan)
c:/program files (x86)/atollic/truestudio for arm 8.0.0/armtools/bin/../lib/gcc/arm-atollic-eabi/6.3.1/../../../../arm-atollic-eabi/lib/armv7e-m\libm.a(lib_a-s_fabs.o)
                              c:/program files (x86)/atollic/truestudio for arm 8.0.0/armtools/bin/../lib/gcc/arm-atollic-eabi/6.3.1/../../../../arm-atollic-eabi/lib/armv7e-m\libm.a(lib_a-e_atan2.o) (fabs)
c:/program files (x86)/atollic/truestudio for arm 8.0.0/armtools/bin/../lib/gcc/arm-atollic-eabi/6.3.1/../../../../arm-atollic-eabi/lib/armv7e-m\libm.a(lib_a-s_floor.o)
                              c:/program files (x86)/atollic/truestudio for arm 8.0.0/armtools/bin/../lib/gcc/arm-atollic-eabi/6.3.1/../../../../arm-atollic-eabi/lib/armv7e-m\libm.a(lib_a-k_rem_pio2.o) (floor)
[...]
Memory Configuration

Name             Origin             Length             Attributes
FLASH            0x08000000         0x00200000         xr
DTCMRAM          0x20000000         0x00020000         xrw
SRAM1            0x20020000         0x0005c000         xrw
SRAM2            0x2007c000         0x00004000         xrw
MEMORY_B1        0x60000000         0x00000000         xr
*default*        0x00000000         0xffffffff

Linker script and memory map

LOAD c:/program files (x86)/atollic/truestudio for arm 8.0.0/armtools/bin/../lib/gcc/arm-atollic-eabi/6.3.1/armv7e-m/crti.o
LOAD c:/program files (x86)/atollic/truestudio for arm 8.0.0/armtools/bin/../lib/gcc/arm-atollic-eabi/6.3.1/armv7e-m/crtbegin.o
LOAD Drivers\CMSIS\DSP_Lib\Source\BasicMathFunctions\arm_abs_f32.o
LOAD Drivers\CMSIS\DSP_Lib\Source\BasicMathFunctions\arm_abs_q15.o
LOAD Drivers\CMSIS\DSP_Lib\Source\BasicMathFunctions\arm_abs_q31.o
LOAD Drivers\CMSIS\DSP_Lib\Source\BasicMathFunctions\arm_abs_q7.o
LOAD Drivers\CMSIS\DSP_Lib\Source\BasicMathFunctions\arm_add_f32.o
LOAD Drivers\CMSIS\DSP_Lib\Source\BasicMathFunctions\arm_add_q15.o
LOAD Drivers\CMSIS\DSP_Lib\Source\BasicMathFunctions\arm_add_q31.o
LOAD Drivers\CMSIS\DSP_Lib\Source\BasicMathFunctions\arm_add_q7.o
LOAD Drivers\CMSIS\DSP_Lib\Source\BasicMathFunctions\arm_dot_prod_f32.o
LOAD Drivers\CMSIS\DSP_Lib\Source\BasicMathFunctions\arm_dot_prod_q15.o
LOAD Drivers\CMSIS\DSP_Lib\Source\BasicMathFunctions\arm_dot_prod_q31.o
LOAD Drivers\CMSIS\DSP_Lib\Source\BasicMathFunctions\arm_dot_prod_q7.o
LOAD Drivers\CMSIS\DSP_Lib\Source\BasicMathFunctions\arm_mult_f32.o
LOAD Drivers\CMSIS\DSP_Lib\Source\BasicMathFunctions\arm_mult_q15.o
LOAD Drivers\CMSIS\DSP_Lib\Source\BasicMathFunctions\arm_mult_q31.o
LOAD Drivers\CMSIS\DSP_Lib\Source\BasicMathFunctions\arm_mult_q7.o
LOAD Drivers\CMSIS\DSP_Lib\Source\BasicMathFunctions\arm_negate_f32.o
LOAD Drivers\CMSIS\DSP_Lib\Source\BasicMathFunctions\arm_negate_q15.o
LOAD Drivers\CMSIS\DSP_Lib\Source\BasicMathFunctions\arm_negate_q31.o
LOAD Drivers\CMSIS\DSP_Lib\Source\BasicMathFunctions\arm_negate_q7.o
LOAD Drivers\CMSIS\DSP_Lib\Source\BasicMathFunctions\arm_offset_f32.o
LOAD Drivers\CMSIS\DSP_Lib\Source\BasicMathFunctions\arm_offset_q15.o
LOAD Drivers\CMSIS\DSP_Lib\Source\BasicMathFunctions\arm_offset_q31.o
LOAD Drivers\CMSIS\DSP_Lib\Source\BasicMathFunctions\arm_offset_q7.o
LOAD Drivers\CMSIS\DSP_Lib\Source\BasicMathFunctions\arm_scale_f32.o
LOAD Drivers\CMSIS\DSP_Lib\Source\BasicMathFunctions\arm_scale_q15.o
LOAD Drivers\CMSIS\DSP_Lib\Source\BasicMathFunctions\arm_scale_q31.o
LOAD Drivers\CMSIS\DSP_Lib\Source\BasicMathFunctions\arm_scale_q7.o
LOAD Drivers\CMSIS\DSP_Lib\Source\BasicMathFunctions\arm_shift_q15.o
LOAD Drivers\CMSIS\DSP_Lib\Source\BasicMathFunctions\arm_shift_q31.o
LOAD Drivers\CMSIS\DSP_Lib\Source\BasicMathFunctions\arm_shift_q7.o
LOAD Drivers\CMSIS\DSP_Lib\Source\BasicMathFunctions\arm_sub_f32.o
LOAD Drivers\CMSIS\DSP_Lib\Source\BasicMathFunctions\arm_sub_q15.o
LOAD Drivers\CMSIS\DSP_Lib\Source\BasicMathFunctions\arm_sub_q31.o
LOAD Drivers\CMSIS\DSP_Lib\Source\BasicMathFunctions\arm_sub_q7.o
LOAD Drivers\CMSIS\DSP_Lib\Source\CommonTables\arm_common_tables.o
LOAD Drivers\CMSIS\DSP_Lib\Source\CommonTables\arm_const_structs.o
LOAD Drivers\CMSIS\DSP_Lib\Source\ComplexMathFunctions\arm_cmplx_conj_f32.o
LOAD Drivers\CMSIS\DSP_Lib\Source\ComplexMathFunctions\arm_cmplx_conj_q15.o
LOAD Drivers\CMSIS\DSP_Lib\Source\ComplexMathFunctions\arm_cmplx_conj_q31.o
LOAD Drivers\CMSIS\DSP_Lib\Source\ComplexMathFunctions\arm_cmplx_dot_prod_f32.o
LOAD Drivers\CMSIS\DSP_Lib\Source\ComplexMathFunctions\arm_cmplx_dot_prod_q15.o
LOAD Drivers\CMSIS\DSP_Lib\Source\ComplexMathFunctions\arm_cmplx_dot_prod_q31.o
LOAD Drivers\CMSIS\DSP_Lib\Source\ComplexMathFunctions\arm_cmplx_mag_f32.o
LOAD Drivers\CMSIS\DSP_Lib\Source\ComplexMathFunctions\arm_cmplx_mag_q15.o
LOAD Drivers\CMSIS\DSP_Lib\Source\ComplexMathFunctions\arm_cmplx_mag_q31.o
LOAD Drivers\CMSIS\DSP_Lib\Source\ComplexMathFunctions\arm_cmplx_mag_squared_f32.o
LOAD Drivers\CMSIS\DSP_Lib\Source\ComplexMathFunctions\arm_cmplx_mag_squared_q15.o
LOAD Drivers\CMSIS\DSP_Lib\Source\ComplexMathFunctions\arm_cmplx_mag_squared_q31.o
LOAD Drivers\CMSIS\DSP_Lib\Source\ComplexMathFunctions\arm_cmplx_mult_cmplx_f32.o
LOAD Drivers\CMSIS\DSP_Lib\Source\ComplexMathFunctions\arm_cmplx_mult_cmplx_q15.o
LOAD Drivers\CMSIS\DSP_Lib\Source\ComplexMathFunctions\arm_cmplx_mult_cmplx_q31.o
LOAD Drivers\CMSIS\DSP_Lib\Source\ComplexMathFunctions\arm_cmplx_mult_real_f32.o
LOAD Drivers\CMSIS\DSP_Lib\Source\ComplexMathFunctions\arm_cmplx_mult_real_q15.o
LOAD Drivers\CMSIS\DSP_Lib\Source\ComplexMathFunctions\arm_cmplx_mult_real_q31.o
LOAD Drivers\CMSIS\DSP_Lib\Source\ControllerFunctions\arm_pid_init_f32.o
LOAD Drivers\CMSIS\DSP_Lib\Source\ControllerFunctions\arm_pid_init_q15.o
LOAD Drivers\CMSIS\DSP_Lib\Source\ControllerFunctions\arm_pid_init_q31.o
LOAD Drivers\CMSIS\DSP_Lib\Source\ControllerFunctions\arm_pid_reset_f32.o
LOAD Drivers\CMSIS\DSP_Lib\Source\ControllerFunctions\arm_pid_reset_q15.o
LOAD Drivers\CMSIS\DSP_Lib\Source\ControllerFunctions\arm_pid_reset_q31.o
LOAD Drivers\CMSIS\DSP_Lib\Source\ControllerFunctions\arm_sin_cos_f32.o
LOAD Drivers\CMSIS\DSP_Lib\Source\ControllerFunctions\arm_sin_cos_q31.o
LOAD Drivers\CMSIS\DSP_Lib\Source\FastMathFunctions\arm_cos_f32.o
LOAD Drivers\CMSIS\DSP_Lib\Source\FastMathFunctions\arm_cos_q15.o
LOAD Drivers\CMSIS\DSP_Lib\Source\FastMathFunctions\arm_cos_q31.o
LOAD Drivers\CMSIS\DSP_Lib\Source\FastMathFunctions\arm_sin_f32.o
LOAD Drivers\CMSIS\DSP_Lib\Source\FastMathFunctions\arm_sin_q15.o
LOAD Drivers\CMSIS\DSP_Lib\Source\FastMathFunctions\arm_sin_q31.o
LOAD Drivers\CMSIS\DSP_Lib\Source\FastMathFunctions\arm_sqrt_q15.o
LOAD Drivers\CMSIS\DSP_Lib\Source\FastMathFunctions\arm_sqrt_q31.o
LOAD Drivers\CMSIS\DSP_Lib\Source\FilteringFunctions\arm_biquad_cascade_df1_32x64_init_q31.o
LOAD Drivers\CMSIS\DSP_Lib\Source\FilteringFunctions\arm_biquad_cascade_df1_32x64_q31.o
LOAD Drivers\CMSIS\DSP_Lib\Source\FilteringFunctions\arm_biquad_cascade_df1_f32.o
LOAD Drivers\CMSIS\DSP_Lib\Source\FilteringFunctions\arm_biquad_cascade_df1_fast_q15.o
LOAD Drivers\CMSIS\DSP_Lib\Source\FilteringFunctions\arm_biquad_cascade_df1_fast_q31.o
LOAD Drivers\CMSIS\DSP_Lib\Source\FilteringFunctions\arm_biquad_cascade_df1_init_f32.o
LOAD Drivers\CMSIS\DSP_Lib\Source\FilteringFunctions\arm_biquad_cascade_df1_init_q15.o
LOAD Drivers\CMSIS\DSP_Lib\Source\FilteringFunctions\arm_biquad_cascade_df1_init_q31.o
LOAD Drivers\CMSIS\DSP_Lib\Source\FilteringFunctions\arm_biquad_cascade_df1_q15.o
LOAD Drivers\CMSIS\DSP_Lib\Source\FilteringFunctions\arm_biquad_cascade_df1_q31.o
LOAD Drivers\CMSIS\DSP_Lib\Source\FilteringFunctions\arm_biquad_cascade_df2T_f32.o
LOAD Drivers\CMSIS\DSP_Lib\Source\FilteringFunctions\arm_biquad_cascade_df2T_f64.o
LOAD Drivers\CMSIS\DSP_Lib\Source\FilteringFunctions\arm_biquad_cascade_df2T_init_f32.o
LOAD Drivers\CMSIS\DSP_Lib\Source\FilteringFunctions\arm_biquad_cascade_df2T_init_f64.o
LOAD Drivers\CMSIS\DSP_Lib\Source\FilteringFunctions\arm_biquad_cascade_stereo_df2T_f32.o
LOAD Drivers\CMSIS\DSP_Lib\Source\FilteringFunctions\arm_biquad_cascade_stereo_df2T_init_f32.o
LOAD Drivers\CMSIS\DSP_Lib\Source\FilteringFunctions\arm_conv_f32.o
LOAD Drivers\CMSIS\DSP_Lib\Source\FilteringFunctions\arm_conv_fast_opt_q15.o
LOAD Drivers\CMSIS\DSP_Lib\Source\FilteringFunctions\arm_conv_fast_q15.o
LOAD Drivers\CMSIS\DSP_Lib\Source\FilteringFunctions\arm_conv_fast_q31.o
LOAD Drivers\CMSIS\DSP_Lib\Source\FilteringFunctions\arm_conv_opt_q15.o
LOAD Drivers\CMSIS\DSP_Lib\Source\FilteringFunctions\arm_conv_opt_q7.o
LOAD Drivers\CMSIS\DSP_Lib\Source\FilteringFunctions\arm_conv_partial_f32.o
LOAD Drivers\CMSIS\DSP_Lib\Source\FilteringFunctions\arm_conv_partial_fast_opt_q15.o
LOAD Drivers\CMSIS\DSP_Lib\Source\FilteringFunctions\arm_conv_partial_fast_q15.o
LOAD Drivers\CMSIS\DSP_Lib\Source\FilteringFunctions\arm_conv_partial_fast_q31.o
LOAD Drivers\CMSIS\DSP_Lib\Source\FilteringFunctions\arm_conv_partial_opt_q15.o
LOAD Drivers\CMSIS\DSP_Lib\Source\FilteringFunctions\arm_conv_partial_opt_q7.o
LOAD Drivers\CMSIS\DSP_Lib\Source\FilteringFunctions\arm_conv_partial_q15.o
LOAD Drivers\CMSIS\DSP_Lib\Source\FilteringFunctions\arm_conv_partial_q31.o
LOAD Drivers\CMSIS\DSP_Lib\Source\FilteringFunctions\arm_conv_partial_q7.o
LOAD Drivers\CMSIS\DSP_Lib\Source\FilteringFunctions\arm_conv_q15.o
LOAD Drivers\CMSIS\DSP_Lib\Source\FilteringFunctions\arm_conv_q31.o
LOAD Drivers\CMSIS\DSP_Lib\Source\FilteringFunctions\arm_conv_q7.o
LOAD Drivers\CMSIS\DSP_Lib\Source\FilteringFunctions\arm_correlate_f32.o
LOAD Drivers\CMSIS\DSP_Lib\Source\FilteringFunctions\arm_correlate_fast_opt_q15.o
LOAD Drivers\CMSIS\DSP_Lib\Source\FilteringFunctions\arm_correlate_fast_q15.o
LOAD Drivers\CMSIS\DSP_Lib\Source\FilteringFunctions\arm_correlate_fast_q31.o
LOAD Drivers\CMSIS\DSP_Lib\Source\FilteringFunctions\arm_correlate_opt_q15.o
LOAD Drivers\CMSIS\DSP_Lib\Source\FilteringFunctions\arm_correlate_opt_q7.o
LOAD Drivers\CMSIS\DSP_Lib\Source\FilteringFunctions\arm_correlate_q15.o
LOAD Drivers\CMSIS\DSP_Lib\Source\FilteringFunctions\arm_correlate_q31.o
LOAD Drivers\CMSIS\DSP_Lib\Source\FilteringFunctions\arm_correlate_q7.o
LOAD Drivers\CMSIS\DSP_Lib\Source\FilteringFunctions\arm_fir_decimate_f32.o
LOAD Drivers\CMSIS\DSP_Lib\Source\FilteringFunctions\arm_fir_decimate_fast_q15.o
LOAD Drivers\CMSIS\DSP_Lib\Source\FilteringFunctions\arm_fir_decimate_fast_q31.o
LOAD Drivers\CMSIS\DSP_Lib\Source\FilteringFunctions\arm_fir_decimate_init_f32.o
LOAD Drivers\CMSIS\DSP_Lib\Source\FilteringFunctions\arm_fir_decimate_init_q15.o
LOAD Drivers\CMSIS\DSP_Lib\Source\FilteringFunctions\arm_fir_decimate_init_q31.o
LOAD Drivers\CMSIS\DSP_Lib\Source\FilteringFunctions\arm_fir_decimate_q15.o
LOAD Drivers\CMSIS\DSP_Lib\Source\FilteringFunctions\arm_fir_decimate_q31.o
LOAD Drivers\CMSIS\DSP_Lib\Source\FilteringFunctions\arm_fir_f32.o
LOAD Drivers\CMSIS\DSP_Lib\Source\FilteringFunctions\arm_fir_fast_q15.o
LOAD Drivers\CMSIS\DSP_Lib\Source\FilteringFunctions\arm_fir_fast_q31.o
LOAD Drivers\CMSIS\DSP_Lib\Source\FilteringFunctions\arm_fir_init_f32.o
LOAD Drivers\CMSIS\DSP_Lib\Source\FilteringFunctions\arm_fir_init_q15.o
LOAD Drivers\CMSIS\DSP_Lib\Source\FilteringFunctions\arm_fir_init_q31.o
LOAD Drivers\CMSIS\DSP_Lib\Source\FilteringFunctions\arm_fir_init_q7.o
LOAD Drivers\CMSIS\DSP_Lib\Source\FilteringFunctions\arm_fir_interpolate_f32.o
LOAD Drivers\CMSIS\DSP_Lib\Source\FilteringFunctions\arm_fir_interpolate_init_f32.o
LOAD Drivers\CMSIS\DSP_Lib\Source\FilteringFunctions\arm_fir_interpolate_init_q15.o
LOAD Drivers\CMSIS\DSP_Lib\Source\FilteringFunctions\arm_fir_interpolate_init_q31.o
LOAD Drivers\CMSIS\DSP_Lib\Source\FilteringFunctions\arm_fir_interpolate_q15.o
LOAD Drivers\CMSIS\DSP_Lib\Source\FilteringFunctions\arm_fir_interpolate_q31.o
LOAD Drivers\CMSIS\DSP_Lib\Source\FilteringFunctions\arm_fir_lattice_f32.o
LOAD Drivers\CMSIS\DSP_Lib\Source\FilteringFunctions\arm_fir_lattice_init_f32.o
LOAD Drivers\CMSIS\DSP_Lib\Source\FilteringFunctions\arm_fir_lattice_init_q15.o
LOAD Drivers\CMSIS\DSP_Lib\Source\FilteringFunctions\arm_fir_lattice_init_q31.o
LOAD Drivers\CMSIS\DSP_Lib\Source\FilteringFunctions\arm_fir_lattice_q15.o
LOAD Drivers\CMSIS\DSP_Lib\Source\FilteringFunctions\arm_fir_lattice_q31.o
LOAD Drivers\CMSIS\DSP_Lib\Source\FilteringFunctions\arm_fir_q15.o
LOAD Drivers\CMSIS\DSP_Lib\Source\FilteringFunctions\arm_fir_q31.o
LOAD Drivers\CMSIS\DSP_Lib\Source\FilteringFunctions\arm_fir_q7.o
LOAD Drivers\CMSIS\DSP_Lib\Source\FilteringFunctions\arm_fir_sparse_f32.o
LOAD Drivers\CMSIS\DSP_Lib\Source\FilteringFunctions\arm_fir_sparse_init_f32.o
LOAD Drivers\CMSIS\DSP_Lib\Source\FilteringFunctions\arm_fir_sparse_init_q15.o
LOAD Drivers\CMSIS\DSP_Lib\Source\FilteringFunctions\arm_fir_sparse_init_q31.o
LOAD Drivers\CMSIS\DSP_Lib\Source\FilteringFunctions\arm_fir_sparse_init_q7.o
LOAD Drivers\CMSIS\DSP_Lib\Source\FilteringFunctions\arm_fir_sparse_q15.o
LOAD Drivers\CMSIS\DSP_Lib\Source\FilteringFunctions\arm_fir_sparse_q31.o
LOAD Drivers\CMSIS\DSP_Lib\Source\FilteringFunctions\arm_fir_sparse_q7.o
LOAD Drivers\CMSIS\DSP_Lib\Source\FilteringFunctions\arm_iir_lattice_f32.o
LOAD Drivers\CMSIS\DSP_Lib\Source\FilteringFunctions\arm_iir_lattice_init_f32.o
LOAD Drivers\CMSIS\DSP_Lib\Source\FilteringFunctions\arm_iir_lattice_init_q15.o
LOAD Drivers\CMSIS\DSP_Lib\Source\FilteringFunctions\arm_iir_lattice_init_q31.o
LOAD Drivers\CMSIS\DSP_Lib\Source\FilteringFunctions\arm_iir_lattice_q15.o
LOAD Drivers\CMSIS\DSP_Lib\Source\FilteringFunctions\arm_iir_lattice_q31.o
LOAD Drivers\CMSIS\DSP_Lib\Source\FilteringFunctions\arm_lms_f32.o
LOAD Drivers\CMSIS\DSP_Lib\Source\FilteringFunctions\arm_lms_init_f32.o
LOAD Drivers\CMSIS\DSP_Lib\Source\FilteringFunctions\arm_lms_init_q15.o
LOAD Drivers\CMSIS\DSP_Lib\Source\FilteringFunctions\arm_lms_init_q31.o
LOAD Drivers\CMSIS\DSP_Lib\Source\FilteringFunctions\arm_lms_norm_f32.o
LOAD Drivers\CMSIS\DSP_Lib\Source\FilteringFunctions\arm_lms_norm_init_f32.o
LOAD Drivers\CMSIS\DSP_Lib\Source\FilteringFunctions\arm_lms_norm_init_q15.o
LOAD Drivers\CMSIS\DSP_Lib\Source\FilteringFunctions\arm_lms_norm_init_q31.o
LOAD Drivers\CMSIS\DSP_Lib\Source\FilteringFunctions\arm_lms_norm_q15.o
LOAD Drivers\CMSIS\DSP_Lib\Source\FilteringFunctions\arm_lms_norm_q31.o
LOAD Drivers\CMSIS\DSP_Lib\Source\FilteringFunctions\arm_lms_q15.o
LOAD Drivers\CMSIS\DSP_Lib\Source\FilteringFunctions\arm_lms_q31.o
LOAD Drivers\CMSIS\DSP_Lib\Source\MatrixFunctions\arm_mat_add_f32.o
LOAD Drivers\CMSIS\DSP_Lib\Source\MatrixFunctions\arm_mat_add_q15.o
LOAD Drivers\CMSIS\DSP_Lib\Source\MatrixFunctions\arm_mat_add_q31.o
LOAD Drivers\CMSIS\DSP_Lib\Source\MatrixFunctions\arm_mat_cmplx_mult_f32.o
LOAD Drivers\CMSIS\DSP_Lib\Source\MatrixFunctions\arm_mat_cmplx_mult_q15.o
LOAD Drivers\CMSIS\DSP_Lib\Source\MatrixFunctions\arm_mat_cmplx_mult_q31.o
LOAD Drivers\CMSIS\DSP_Lib\Source\MatrixFunctions\arm_mat_init_f32.o
LOAD Drivers\CMSIS\DSP_Lib\Source\MatrixFunctions\arm_mat_init_q15.o
LOAD Drivers\CMSIS\DSP_Lib\Source\MatrixFunctions\arm_mat_init_q31.o
LOAD Drivers\CMSIS\DSP_Lib\Source\MatrixFunctions\arm_mat_inverse_f32.o
LOAD Drivers\CMSIS\DSP_Lib\Source\MatrixFunctions\arm_mat_inverse_f64.o
LOAD Drivers\CMSIS\DSP_Lib\Source\MatrixFunctions\arm_mat_mult_f32.o
LOAD Drivers\CMSIS\DSP_Lib\Source\MatrixFunctions\arm_mat_mult_fast_q15.o
LOAD Drivers\CMSIS\DSP_Lib\Source\MatrixFunctions\arm_mat_mult_fast_q31.o
LOAD Drivers\CMSIS\DSP_Lib\Source\MatrixFunctions\arm_mat_mult_q15.o
LOAD Drivers\CMSIS\DSP_Lib\Source\MatrixFunctions\arm_mat_mult_q31.o
LOAD Drivers\CMSIS\DSP_Lib\Source\MatrixFunctions\arm_mat_scale_f32.o
LOAD Drivers\CMSIS\DSP_Lib\Source\MatrixFunctions\arm_mat_scale_q15.o
LOAD Drivers\CMSIS\DSP_Lib\Source\MatrixFunctions\arm_mat_scale_q31.o
LOAD Drivers\CMSIS\DSP_Lib\Source\MatrixFunctions\arm_mat_sub_f32.o
LOAD Drivers\CMSIS\DSP_Lib\Source\MatrixFunctions\arm_mat_sub_q15.o
LOAD Drivers\CMSIS\DSP_Lib\Source\MatrixFunctions\arm_mat_sub_q31.o
LOAD Drivers\CMSIS\DSP_Lib\Source\MatrixFunctions\arm_mat_trans_f32.o
LOAD Drivers\CMSIS\DSP_Lib\Source\MatrixFunctions\arm_mat_trans_q15.o
LOAD Drivers\CMSIS\DSP_Lib\Source\MatrixFunctions\arm_mat_trans_q31.o
LOAD Drivers\CMSIS\DSP_Lib\Source\StatisticsFunctions\arm_max_f32.o
LOAD Drivers\CMSIS\DSP_Lib\Source\StatisticsFunctions\arm_max_q15.o
LOAD Drivers\CMSIS\DSP_Lib\Source\StatisticsFunctions\arm_max_q31.o
LOAD Drivers\CMSIS\DSP_Lib\Source\StatisticsFunctions\arm_max_q7.o
LOAD Drivers\CMSIS\DSP_Lib\Source\StatisticsFunctions\arm_mean_f32.o
LOAD Drivers\CMSIS\DSP_Lib\Source\StatisticsFunctions\arm_mean_q15.o
LOAD Drivers\CMSIS\DSP_Lib\Source\StatisticsFunctions\arm_mean_q31.o
LOAD Drivers\CMSIS\DSP_Lib\Source\StatisticsFunctions\arm_mean_q7.o
LOAD Drivers\CMSIS\DSP_Lib\Source\StatisticsFunctions\arm_min_f32.o
LOAD Drivers\CMSIS\DSP_Lib\Source\StatisticsFunctions\arm_min_q15.o
LOAD Drivers\CMSIS\DSP_Lib\Source\StatisticsFunctions\arm_min_q31.o
LOAD Drivers\CMSIS\DSP_Lib\Source\StatisticsFunctions\arm_min_q7.o
LOAD Drivers\CMSIS\DSP_Lib\Source\StatisticsFunctions\arm_power_f32.o
LOAD Drivers\CMSIS\DSP_Lib\Source\StatisticsFunctions\arm_power_q15.o
LOAD Drivers\CMSIS\DSP_Lib\Source\StatisticsFunctions\arm_power_q31.o
LOAD Drivers\CMSIS\DSP_Lib\Source\StatisticsFunctions\arm_power_q7.o
LOAD Drivers\CMSIS\DSP_Lib\Source\StatisticsFunctions\arm_rms_f32.o
LOAD Drivers\CMSIS\DSP_Lib\Source\StatisticsFunctions\arm_rms_q15.o
LOAD Drivers\CMSIS\DSP_Lib\Source\StatisticsFunctions\arm_rms_q31.o
LOAD Drivers\CMSIS\DSP_Lib\Source\StatisticsFunctions\arm_std_f32.o
LOAD Drivers\CMSIS\DSP_Lib\Source\StatisticsFunctions\arm_std_q15.o
LOAD Drivers\CMSIS\DSP_Lib\Source\StatisticsFunctions\arm_std_q31.o
LOAD Drivers\CMSIS\DSP_Lib\Source\StatisticsFunctions\arm_var_f32.o
LOAD Drivers\CMSIS\DSP_Lib\Source\StatisticsFunctions\arm_var_q15.o
LOAD Drivers\CMSIS\DSP_Lib\Source\StatisticsFunctions\arm_var_q31.o
LOAD Drivers\CMSIS\DSP_Lib\Source\SupportFunctions\arm_copy_f32.o
LOAD Drivers\CMSIS\DSP_Lib\Source\SupportFunctions\arm_copy_q15.o
LOAD Drivers\CMSIS\DSP_Lib\Source\SupportFunctions\arm_copy_q31.o
LOAD Drivers\CMSIS\DSP_Lib\Source\SupportFunctions\arm_copy_q7.o
LOAD Drivers\CMSIS\DSP_Lib\Source\SupportFunctions\arm_fill_f32.o
LOAD Drivers\CMSIS\DSP_Lib\Source\SupportFunctions\arm_fill_q15.o
LOAD Drivers\CMSIS\DSP_Lib\Source\SupportFunctions\arm_fill_q31.o
LOAD Drivers\CMSIS\DSP_Lib\Source\SupportFunctions\arm_fill_q7.o
LOAD Drivers\CMSIS\DSP_Lib\Source\SupportFunctions\arm_float_to_q15.o
LOAD Drivers\CMSIS\DSP_Lib\Source\SupportFunctions\arm_float_to_q31.o
LOAD Drivers\CMSIS\DSP_Lib\Source\SupportFunctions\arm_float_to_q7.o
LOAD Drivers\CMSIS\DSP_Lib\Source\SupportFunctions\arm_q15_to_float.o
LOAD Drivers\CMSIS\DSP_Lib\Source\SupportFunctions\arm_q15_to_q31.o
LOAD Drivers\CMSIS\DSP_Lib\Source\SupportFunctions\arm_q15_to_q7.o
LOAD Drivers\CMSIS\DSP_Lib\Source\SupportFunctions\arm_q31_to_float.o
LOAD Drivers\CMSIS\DSP_Lib\Source\SupportFunctions\arm_q31_to_q15.o
LOAD Drivers\CMSIS\DSP_Lib\Source\SupportFunctions\arm_q31_to_q7.o
LOAD Drivers\CMSIS\DSP_Lib\Source\SupportFunctions\arm_q7_to_float.o
LOAD Drivers\CMSIS\DSP_Lib\Source\SupportFunctions\arm_q7_to_q15.o
LOAD Drivers\CMSIS\DSP_Lib\Source\SupportFunctions\arm_q7_to_q31.o
LOAD Drivers\CMSIS\DSP_Lib\Source\TransformFunctions\arm_bitreversal.o
LOAD Drivers\CMSIS\DSP_Lib\Source\TransformFunctions\arm_bitreversal2.o
LOAD Drivers\CMSIS\DSP_Lib\Source\TransformFunctions\arm_cfft_f32.o
LOAD Drivers\CMSIS\DSP_Lib\Source\TransformFunctions\arm_cfft_q15.o
LOAD Drivers\CMSIS\DSP_Lib\Source\TransformFunctions\arm_cfft_q31.o
LOAD Drivers\CMSIS\DSP_Lib\Source\TransformFunctions\arm_cfft_radix2_f32.o
LOAD Drivers\CMSIS\DSP_Lib\Source\TransformFunctions\arm_cfft_radix2_init_f32.o
LOAD Drivers\CMSIS\DSP_Lib\Source\TransformFunctions\arm_cfft_radix2_init_q15.o
LOAD Drivers\CMSIS\DSP_Lib\Source\TransformFunctions\arm_cfft_radix2_init_q31.o
LOAD Drivers\CMSIS\DSP_Lib\Source\TransformFunctions\arm_cfft_radix2_q15.o
LOAD Drivers\CMSIS\DSP_Lib\Source\TransformFunctions\arm_cfft_radix2_q31.o
LOAD Drivers\CMSIS\DSP_Lib\Source\TransformFunctions\arm_cfft_radix4_f32.o
LOAD Drivers\CMSIS\DSP_Lib\Source\TransformFunctions\arm_cfft_radix4_init_f32.o
LOAD Drivers\CMSIS\DSP_Lib\Source\TransformFunctions\arm_cfft_radix4_init_q15.o
LOAD Drivers\CMSIS\DSP_Lib\Source\TransformFunctions\arm_cfft_radix4_init_q31.o
LOAD Drivers\CMSIS\DSP_Lib\Source\TransformFunctions\arm_cfft_radix4_q15.o
LOAD Drivers\CMSIS\DSP_Lib\Source\TransformFunctions\arm_cfft_radix4_q31.o
LOAD Drivers\CMSIS\DSP_Lib\Source\TransformFunctions\arm_cfft_radix8_f32.o
LOAD Drivers\CMSIS\DSP_Lib\Source\TransformFunctions\arm_dct4_f32.o
LOAD Drivers\CMSIS\DSP_Lib\Source\TransformFunctions\arm_dct4_init_f32.o
LOAD Drivers\CMSIS\DSP_Lib\Source\TransformFunctions\arm_dct4_init_q15.o
LOAD Drivers\CMSIS\DSP_Lib\Source\TransformFunctions\arm_dct4_init_q31.o
LOAD Drivers\CMSIS\DSP_Lib\Source\TransformFunctions\arm_dct4_q15.o
LOAD Drivers\CMSIS\DSP_Lib\Source\TransformFunctions\arm_dct4_q31.o
LOAD Drivers\CMSIS\DSP_Lib\Source\TransformFunctions\arm_rfft_f32.o
LOAD Drivers\CMSIS\DSP_Lib\Source\TransformFunctions\arm_rfft_fast_f32.o
LOAD Drivers\CMSIS\DSP_Lib\Source\TransformFunctions\arm_rfft_fast_init_f32.o
LOAD Drivers\CMSIS\DSP_Lib\Source\TransformFunctions\arm_rfft_init_f32.o
LOAD Drivers\CMSIS\DSP_Lib\Source\TransformFunctions\arm_rfft_init_q15.o
LOAD Drivers\CMSIS\DSP_Lib\Source\TransformFunctions\arm_rfft_init_q31.o
LOAD Drivers\CMSIS\DSP_Lib\Source\TransformFunctions\arm_rfft_q15.o
LOAD Drivers\CMSIS\DSP_Lib\Source\TransformFunctions\arm_rfft_q31.o
LOAD Drivers\STM32F7xx_HAL_Driver\Src\stm32f7xx_hal.o
LOAD Drivers\STM32F7xx_HAL_Driver\Src\stm32f7xx_hal_adc.o
LOAD Drivers\STM32F7xx_HAL_Driver\Src\stm32f7xx_hal_adc_ex.o
LOAD Drivers\STM32F7xx_HAL_Driver\Src\stm32f7xx_hal_can.o
LOAD Drivers\STM32F7xx_HAL_Driver\Src\stm32f7xx_hal_cec.o
LOAD Drivers\STM32F7xx_HAL_Driver\Src\stm32f7xx_hal_cortex.o
LOAD Drivers\STM32F7xx_HAL_Driver\Src\stm32f7xx_hal_crc.o
LOAD Drivers\STM32F7xx_HAL_Driver\Src\stm32f7xx_hal_crc_ex.o
LOAD Drivers\STM32F7xx_HAL_Driver\Src\stm32f7xx_hal_cryp.o
LOAD Drivers\STM32F7xx_HAL_Driver\Src\stm32f7xx_hal_cryp_ex.o
LOAD Drivers\STM32F7xx_HAL_Driver\Src\stm32f7xx_hal_dac.o
LOAD Drivers\STM32F7xx_HAL_Driver\Src\stm32f7xx_hal_dac_ex.o
LOAD Drivers\STM32F7xx_HAL_Driver\Src\stm32f7xx_hal_dcmi.o
LOAD Drivers\STM32F7xx_HAL_Driver\Src\stm32f7xx_hal_dcmi_ex.o
LOAD Drivers\STM32F7xx_HAL_Driver\Src\stm32f7xx_hal_dfsdm.o
LOAD Drivers\STM32F7xx_HAL_Driver\Src\stm32f7xx_hal_dma.o
LOAD Drivers\STM32F7xx_HAL_Driver\Src\stm32f7xx_hal_dma2d.o
LOAD Drivers\STM32F7xx_HAL_Driver\Src\stm32f7xx_hal_dma_ex.o
LOAD Drivers\STM32F7xx_HAL_Driver\Src\stm32f7xx_hal_dsi.o
LOAD Drivers\STM32F7xx_HAL_Driver\Src\stm32f7xx_hal_eth.o
LOAD Drivers\STM32F7xx_HAL_Driver\Src\stm32f7xx_hal_flash.o
LOAD Drivers\STM32F7xx_HAL_Driver\Src\stm32f7xx_hal_flash_ex.o
LOAD Drivers\STM32F7xx_HAL_Driver\Src\stm32f7xx_hal_gpio.o
LOAD Drivers\STM32F7xx_HAL_Driver\Src\stm32f7xx_hal_hash.o
LOAD Drivers\STM32F7xx_HAL_Driver\Src\stm32f7xx_hal_hash_ex.o
LOAD Drivers\STM32F7xx_HAL_Driver\Src\stm32f7xx_hal_hcd.o
LOAD Drivers\STM32F7xx_HAL_Driver\Src\stm32f7xx_hal_i2c.o
LOAD Drivers\STM32F7xx_HAL_Driver\Src\stm32f7xx_hal_i2c_ex.o
LOAD Drivers\STM32F7xx_HAL_Driver\Src\stm32f7xx_hal_i2s.o
LOAD Drivers\STM32F7xx_HAL_Driver\Src\stm32f7xx_hal_irda.o
LOAD Drivers\STM32F7xx_HAL_Driver\Src\stm32f7xx_hal_iwdg.o
LOAD Drivers\STM32F7xx_HAL_Driver\Src\stm32f7xx_hal_jpeg.o
LOAD Drivers\STM32F7xx_HAL_Driver\Src\stm32f7xx_hal_lptim.o
LOAD Drivers\STM32F7xx_HAL_Driver\Src\stm32f7xx_hal_ltdc.o
LOAD Drivers\STM32F7xx_HAL_Driver\Src\stm32f7xx_hal_ltdc_ex.o
LOAD Drivers\STM32F7xx_HAL_Driver\Src\stm32f7xx_hal_mdios.o
LOAD Drivers\STM32F7xx_HAL_Driver\Src\stm32f7xx_hal_mmc.o
LOAD Drivers\STM32F7xx_HAL_Driver\Src\stm32f7xx_hal_nand.o
LOAD Drivers\STM32F7xx_HAL_Driver\Src\stm32f7xx_hal_nor.o
LOAD Drivers\STM32F7xx_HAL_Driver\Src\stm32f7xx_hal_pcd.o
LOAD Drivers\STM32F7xx_HAL_Driver\Src\stm32f7xx_hal_pcd_ex.o
LOAD Drivers\STM32F7xx_HAL_Driver\Src\stm32f7xx_hal_pwr.o
LOAD Drivers\STM32F7xx_HAL_Driver\Src\stm32f7xx_hal_pwr_ex.o
LOAD Drivers\STM32F7xx_HAL_Driver\Src\stm32f7xx_hal_qspi.o
LOAD Drivers\STM32F7xx_HAL_Driver\Src\stm32f7xx_hal_rcc.o
LOAD Drivers\STM32F7xx_HAL_Driver\Src\stm32f7xx_hal_rcc_ex.o
LOAD Drivers\STM32F7xx_HAL_Driver\Src\stm32f7xx_hal_rng.o
LOAD Drivers\STM32F7xx_HAL_Driver\Src\stm32f7xx_hal_rtc.o
LOAD Drivers\STM32F7xx_HAL_Driver\Src\stm32f7xx_hal_rtc_ex.o
LOAD Drivers\STM32F7xx_HAL_Driver\Src\stm32f7xx_hal_sai.o
LOAD Drivers\STM32F7xx_HAL_Driver\Src\stm32f7xx_hal_sai_ex.o
LOAD Drivers\STM32F7xx_HAL_Driver\Src\stm32f7xx_hal_sd.o
LOAD Drivers\STM32F7xx_HAL_Driver\Src\stm32f7xx_hal_sdram.o
LOAD Drivers\STM32F7xx_HAL_Driver\Src\stm32f7xx_hal_smartcard.o
LOAD Drivers\STM32F7xx_HAL_Driver\Src\stm32f7xx_hal_smartcard_ex.o
LOAD Drivers\STM32F7xx_HAL_Driver\Src\stm32f7xx_hal_smbus.o
LOAD Drivers\STM32F7xx_HAL_Driver\Src\stm32f7xx_hal_spdifrx.o
LOAD Drivers\STM32F7xx_HAL_Driver\Src\stm32f7xx_hal_spi.o
LOAD Drivers\STM32F7xx_HAL_Driver\Src\stm32f7xx_hal_sram.o
LOAD Drivers\STM32F7xx_HAL_Driver\Src\stm32f7xx_hal_tim.o
LOAD Drivers\STM32F7xx_HAL_Driver\Src\stm32f7xx_hal_tim_ex.o
LOAD Drivers\STM32F7xx_HAL_Driver\Src\stm32f7xx_hal_uart.o
LOAD Drivers\STM32F7xx_HAL_Driver\Src\stm32f7xx_hal_usart.o
LOAD Drivers\STM32F7xx_HAL_Driver\Src\stm32f7xx_hal_wwdg.o
LOAD Drivers\STM32F7xx_HAL_Driver\Src\stm32f7xx_ll_adc.o
LOAD Drivers\STM32F7xx_HAL_Driver\Src\stm32f7xx_ll_crc.o
LOAD Drivers\STM32F7xx_HAL_Driver\Src\stm32f7xx_ll_dac.o
LOAD Drivers\STM32F7xx_HAL_Driver\Src\stm32f7xx_ll_dma.o
LOAD Drivers\STM32F7xx_HAL_Driver\Src\stm32f7xx_ll_dma2d.o
LOAD Drivers\STM32F7xx_HAL_Driver\Src\stm32f7xx_ll_exti.o
LOAD Drivers\STM32F7xx_HAL_Driver\Src\stm32f7xx_ll_fmc.o
LOAD Drivers\STM32F7xx_HAL_Driver\Src\stm32f7xx_ll_gpio.o
LOAD Drivers\STM32F7xx_HAL_Driver\Src\stm32f7xx_ll_i2c.o
LOAD Drivers\STM32F7xx_HAL_Driver\Src\stm32f7xx_ll_lptim.o
LOAD Drivers\STM32F7xx_HAL_Driver\Src\stm32f7xx_ll_pwr.o
LOAD Drivers\STM32F7xx_HAL_Driver\Src\stm32f7xx_ll_rcc.o
LOAD Drivers\STM32F7xx_HAL_Driver\Src\stm32f7xx_ll_rng.o
LOAD Drivers\STM32F7xx_HAL_Driver\Src\stm32f7xx_ll_rtc.o
LOAD Drivers\STM32F7xx_HAL_Driver\Src\stm32f7xx_ll_sdmmc.o
LOAD Drivers\STM32F7xx_HAL_Driver\Src\stm32f7xx_ll_spi.o
LOAD Drivers\STM32F7xx_HAL_Driver\Src\stm32f7xx_ll_tim.o
LOAD Drivers\STM32F7xx_HAL_Driver\Src\stm32f7xx_ll_usart.o
LOAD Drivers\STM32F7xx_HAL_Driver\Src\stm32f7xx_ll_usb.o
LOAD Drivers\STM32F7xx_HAL_Driver\Src\stm32f7xx_ll_utils.o
LOAD src\fft_data.o
LOAD src\main.o
LOAD src\startup_stm32f769xx.o
LOAD src\stm32f7xx_hal_msp.o
LOAD src\stm32f7xx_it.o
LOAD src\system_stm32f7xx.o
LOAD src\tiny_printf.o
LOAD ..\Drivers\CMSIS\Lib\GCC\libarm_cortexM7l_math.a
                0x00000080                malloc_getpagesize_P = 0x80
START GROUP
LOAD c:/program files (x86)/atollic/truestudio for arm 8.0.0/armtools/bin/../lib/gcc/arm-atollic-eabi/6.3.1/../../../../arm-atollic-eabi/lib/armv7e-m\libc_nano.a
LOAD c:/program files (x86)/atollic/truestudio for arm 8.0.0/armtools/bin/../lib/gcc/arm-atollic-eabi/6.3.1/../../../../arm-atollic-eabi/lib/armv7e-m\libm.a
END GROUP
START GROUP
LOAD c:/program files (x86)/atollic/truestudio for arm 8.0.0/armtools/bin/../lib/gcc/arm-atollic-eabi/6.3.1/armv7e-m\libgcc.a
LOAD c:/program files (x86)/atollic/truestudio for arm 8.0.0/armtools/bin/../lib/gcc/arm-atollic-eabi/6.3.1/../../../../arm-atollic-eabi/lib/armv7e-m\libc_nano.a
END GROUP
START GROUP
LOAD c:/program files (x86)/atollic/truestudio for arm 8.0.0/armtools/bin/../lib/gcc/arm-atollic-eabi/6.3.1/armv7e-m\libgcc.a
LOAD c:/program files (x86)/atollic/truestudio for arm 8.0.0/armtools/bin/../lib/gcc/arm-atollic-eabi/6.3.1/../../../../arm-atollic-eabi/lib/armv7e-m\libc_nano.a
LOAD c:/program files (x86)/atollic/truestudio for arm 8.0.0/armtools/bin/../lib/gcc/arm-atollic-eabi/6.3.1/../../../../arm-atollic-eabi/lib/armv7e-m\libnosys.a
END GROUP
START GROUP
LOAD c:/program files (x86)/atollic/truestudio for arm 8.0.0/armtools/bin/../lib/gcc/arm-atollic-eabi/6.3.1/armv7e-m\libgcc.a
LOAD c:/program files (x86)/atollic/truestudio for arm 8.0.0/armtools/bin/../lib/gcc/arm-atollic-eabi/6.3.1/../../../../arm-atollic-eabi/lib/armv7e-m\libc_nano.a
LOAD c:/program files (x86)/atollic/truestudio for arm 8.0.0/armtools/bin/../lib/gcc/arm-atollic-eabi/6.3.1/../../../../arm-atollic-eabi/lib/armv7e-m\libnosys.a
END GROUP
LOAD c:/program files (x86)/atollic/truestudio for arm 8.0.0/armtools/bin/../lib/gcc/arm-atollic-eabi/6.3.1/armv7e-m/crtend.o
LOAD c:/program files (x86)/atollic/truestudio for arm 8.0.0/armtools/bin/../lib/gcc/arm-atollic-eabi/6.3.1/armv7e-m/crtn.o
                0x20080000                _estack = 0x20080000
                0x00000000                _Min_Heap_Size = 0x0
                0x00000400                _Min_Stack_Size = 0x400

.isr_vector     0x08000000      0x1f8
                0x08000000                . = ALIGN (0x4)
 *(.isr_vector)
 .isr_vector    0x08000000      0x1f8 src\startup_stm32f769xx.o
                0x08000000                g_pfnVectors
                0x080001f8                . = ALIGN (0x4)

.text           0x080001f8     0x6b84
                0x080001f8                . = ALIGN (0x4)
 *(.text)
 .text          0x080001f8       0x40 c:/program files (x86)/atollic/truestudio for arm 8.0.0/armtools/bin/../lib/gcc/arm-atollic-eabi/6.3.1/armv7e-m/crtbegin.o
 .text          0x08000238       0xc0 Drivers\CMSIS\DSP_Lib\Source\TransformFunctions\arm_bitreversal2.o
                0x08000238                arm_bitreversal_32
                0x080002a2                arm_bitreversal_16
 .text          0x080002f8      0x370 c:/program files (x86)/atollic/truestudio for arm 8.0.0/armtools/bin/../lib/gcc/arm-atollic-eabi/6.3.1/armv7e-m\libgcc.a(_arm_addsubdf3.o)
                0x080002f8                __aeabi_drsub
                0x08000300                __aeabi_dsub
                0x08000300                __subdf3
                0x08000304                __aeabi_dadd
                0x08000304                __adddf3
                0x0800057c                __floatunsidf
                0x0800057c                __aeabi_ui2d
                0x0800059c                __floatsidf
                0x0800059c                __aeabi_i2d
                0x080005c0                __aeabi_f2d
                0x080005c0                __extendsfdf2
                0x080005fc                __floatundidf
                0x080005fc                __aeabi_ul2d
                0x0800060c                __floatdidf
                0x0800060c                __aeabi_l2d
 .text          0x08000668      0x424 c:/program files (x86)/atollic/truestudio for arm 8.0.0/armtools/bin/../lib/gcc/arm-atollic-eabi/6.3.1/armv7e-m\libgcc.a(_arm_muldivdf3.o)
                0x08000668                __aeabi_dmul
                0x08000668                __muldf3
                0x080008bc                __divdf3
                0x080008bc                __aeabi_ddiv
 .text          0x08000a8c      0x110 c:/program files (x86)/atollic/truestudio for arm 8.0.0/armtools/bin/../lib/gcc/arm-atollic-eabi/6.3.1/armv7e-m\libgcc.a(_arm_cmpdf2.o)
                0x08000a8c                __gtdf2
                0x08000a8c                __gedf2
                0x08000a94                __ltdf2
                0x08000a94                __ledf2
                0x08000a9c                __nedf2
                0x08000a9c                __eqdf2
                0x08000a9c                __cmpdf2
                0x08000b18                __aeabi_cdrcmple
                0x08000b28                __aeabi_cdcmpeq
                0x08000b28                __aeabi_cdcmple
                0x08000b38                __aeabi_dcmpeq
                0x08000b4c                __aeabi_dcmplt
                0x08000b60                __aeabi_dcmple
                0x08000b74                __aeabi_dcmpge
                0x08000b88                __aeabi_dcmpgt
 .text          0x08000b9c       0xa0 c:/program files (x86)/atollic/truestudio for arm 8.0.0/armtools/bin/../lib/gcc/arm-atollic-eabi/6.3.1/armv7e-m\libgcc.a(_arm_truncdfsf2.o)
                0x08000b9c                __truncdfsf2
                0x08000b9c                __aeabi_d2f
 .text          0x08000c3c      0x21c c:/program files (x86)/atollic/truestudio for arm 8.0.0/armtools/bin/../lib/gcc/arm-atollic-eabi/6.3.1/armv7e-m\libgcc.a(_arm_addsubsf3.o)
                0x08000c3c                __aeabi_frsub
                0x08000c44                __subsf3
                0x08000c44                __aeabi_fsub
                0x08000c48                __aeabi_fadd
                0x08000c48                __addsf3
                0x08000da8                __aeabi_ui2f
                0x08000da8                __floatunsisf
                0x08000db0                __aeabi_i2f
                0x08000db0                __floatsisf
                0x08000dcc                __aeabi_ul2f
                0x08000dcc                __floatundisf
                0x08000ddc                __aeabi_l2f
                0x08000ddc                __floatdisf
 .text          0x08000e58      0x2a0 c:/program files (x86)/atollic/truestudio for arm 8.0.0/armtools/bin/../lib/gcc/arm-atollic-eabi/6.3.1/armv7e-m\libgcc.a(_arm_muldivsf3.o)
                0x08000e58                __mulsf3
                0x08000e58                __aeabi_fmul
                0x08000fc0                __aeabi_fdiv
                0x08000fc0                __divsf3
 .text          0x080010f8       0xec c:/program files (x86)/atollic/truestudio for arm 8.0.0/armtools/bin/../lib/gcc/arm-atollic-eabi/6.3.1/armv7e-m\libgcc.a(_arm_cmpsf2.o)
                0x080010f8                __gesf2
                0x080010f8                __gtsf2
                0x08001100                __lesf2
                0x08001100                __ltsf2
                0x08001108                __nesf2
                0x08001108                __eqsf2
                0x08001108                __cmpsf2
                0x08001168                __aeabi_cfrcmple
                0x08001170                __aeabi_cfcmpeq
                0x08001170                __aeabi_cfcmple
                0x08001180                __aeabi_fcmpeq
                0x08001194                __aeabi_fcmplt
                0x080011a8                __aeabi_fcmple
                0x080011bc                __aeabi_fcmpge
                0x080011d0                __aeabi_fcmpgt
 .text          0x080011e4       0x2c c:/program files (x86)/atollic/truestudio for arm 8.0.0/armtools/bin/../lib/gcc/arm-atollic-eabi/6.3.1/armv7e-m\libgcc.a(_arm_unordsf2.o)
                0x080011e4                __unordsf2
                0x080011e4                __aeabi_fcmpun
 .text          0x08001210       0x4c c:/program files (x86)/atollic/truestudio for arm 8.0.0/armtools/bin/../lib/gcc/arm-atollic-eabi/6.3.1/armv7e-m\libgcc.a(_arm_fixsfsi.o)
                0x08001210                __aeabi_f2iz
                0x08001210                __fixsfsi
 *(.text*)
 .text.arm_sqrt_f32
                0x0800125c       0x3e Drivers\CMSIS\DSP_Lib\Source\ComplexMathFunctions\arm_cmplx_mag_f32.o
 .text.arm_cmplx_mag_f32
                0x0800129a      0x18a Drivers\CMSIS\DSP_Lib\Source\ComplexMathFunctions\arm_cmplx_mag_f32.o
                0x0800129a                arm_cmplx_mag_f32
 .text.arm_max_f32
                0x08001424      0x114 Drivers\CMSIS\DSP_Lib\Source\StatisticsFunctions\arm_max_f32.o
                0x08001424                arm_max_f32
 .text.arm_cfft_radix8by2_f32
                0x08001538      0x3a8 Drivers\CMSIS\DSP_Lib\Source\TransformFunctions\arm_cfft_f32.o
                0x08001538                arm_cfft_radix8by2_f32
 .text.arm_cfft_radix8by4_f32
                0x080018e0      0xc48 Drivers\CMSIS\DSP_Lib\Source\TransformFunctions\arm_cfft_f32.o
                0x080018e0                arm_cfft_radix8by4_f32
 .text.arm_cfft_f32
                0x08002528      0x140 Drivers\CMSIS\DSP_Lib\Source\TransformFunctions\arm_cfft_f32.o
                0x08002528                arm_cfft_f32
 .text.arm_radix8_butterfly_f32
                0x08002668      0xfec Drivers\CMSIS\DSP_Lib\Source\TransformFunctions\arm_cfft_radix8_f32.o
                0x08002668                arm_radix8_butterfly_f32
 .text.HAL_Init
                0x08003654       0x1a Drivers\STM32F7xx_HAL_Driver\Src\stm32f7xx_hal.o
                0x08003654                HAL_Init
 *fill*         0x0800366e        0x2 
 .text.HAL_InitTick
                0x08003670       0x38 Drivers\STM32F7xx_HAL_Driver\Src\stm32f7xx_hal.o
                0x08003670                HAL_InitTick
 .text.HAL_IncTick
                0x080036a8       0x1c Drivers\STM32F7xx_HAL_Driver\Src\stm32f7xx_hal.o
                0x080036a8                HAL_IncTick
 .text.HAL_GetTick
                0x080036c4       0x14 Drivers\STM32F7xx_HAL_Driver\Src\stm32f7xx_hal.o
                0x080036c4                HAL_GetTick
 .text.NVIC_SetPriorityGrouping
                0x080036d8       0x48 Drivers\STM32F7xx_HAL_Driver\Src\stm32f7xx_hal_cortex.o
 .text.NVIC_GetPriorityGrouping
                0x08003720       0x1c Drivers\STM32F7xx_HAL_Driver\Src\stm32f7xx_hal_cortex.o
 .text.NVIC_EnableIRQ
                0x0800373c       0x30 Drivers\STM32F7xx_HAL_Driver\Src\stm32f7xx_hal_cortex.o
 .text.NVIC_SetPriority
                0x0800376c       0x54 Drivers\STM32F7xx_HAL_Driver\Src\stm32f7xx_hal_cortex.o
 .text.NVIC_EncodePriority
                0x080037c0       0x60 Drivers\STM32F7xx_HAL_Driver\Src\stm32f7xx_hal_cortex.o
 .text.SysTick_Config
                0x08003820       0x44 Drivers\STM32F7xx_HAL_Driver\Src\stm32f7xx_hal_cortex.o
 .text.HAL_NVIC_SetPriorityGrouping
                0x08003864       0x16 Drivers\STM32F7xx_HAL_Driver\Src\stm32f7xx_hal_cortex.o
                0x08003864                HAL_NVIC_SetPriorityGrouping
 .text.HAL_NVIC_SetPriority
                0x0800387a       0x38 Drivers\STM32F7xx_HAL_Driver\Src\stm32f7xx_hal_cortex.o
                0x0800387a                HAL_NVIC_SetPriority
 .text.HAL_NVIC_EnableIRQ
                0x080038b2       0x1c Drivers\STM32F7xx_HAL_Driver\Src\stm32f7xx_hal_cortex.o
                0x080038b2                HAL_NVIC_EnableIRQ
 .text.HAL_SYSTICK_Config
                0x080038ce       0x18 Drivers\STM32F7xx_HAL_Driver\Src\stm32f7xx_hal_cortex.o
                0x080038ce                HAL_SYSTICK_Config
 *fill*         0x080038e6        0x2 
 .text.HAL_SYSTICK_CLKSourceConfig
                0x080038e8       0x38 Drivers\STM32F7xx_HAL_Driver\Src\stm32f7xx_hal_cortex.o
                0x080038e8                HAL_SYSTICK_CLKSourceConfig
 .text.HAL_SYSTICK_IRQHandler
                0x08003920        0xc Drivers\STM32F7xx_HAL_Driver\Src\stm32f7xx_hal_cortex.o
                0x08003920                HAL_SYSTICK_IRQHandler
 .text.HAL_SYSTICK_Callback
                0x0800392c        0xc Drivers\STM32F7xx_HAL_Driver\Src\stm32f7xx_hal_cortex.o
                0x0800392c                HAL_SYSTICK_Callback
 .text.HAL_DMA_Abort_IT
                0x08003938       0x42 Drivers\STM32F7xx_HAL_Driver\Src\stm32f7xx_hal_dma.o
                0x08003938                HAL_DMA_Abort_IT
 *fill*         0x0800397a        0x2 
 .text.HAL_GPIO_Init
                0x0800397c      0x354 Drivers\STM32F7xx_HAL_Driver\Src\stm32f7xx_hal_gpio.o
                0x0800397c                HAL_GPIO_Init
 .text.HAL_RCC_OscConfig
                0x08003cd0      0x56c Drivers\STM32F7xx_HAL_Driver\Src\stm32f7xx_hal_rcc.o
                0x08003cd0                HAL_RCC_OscConfig
 .text.HAL_RCC_ClockConfig
                0x0800423c      0x1fc Drivers\STM32F7xx_HAL_Driver\Src\stm32f7xx_hal_rcc.o
                0x0800423c                HAL_RCC_ClockConfig
 .text.HAL_RCC_GetSysClockFreq
                0x08004438       0xfc Drivers\STM32F7xx_HAL_Driver\Src\stm32f7xx_hal_rcc.o
                0x08004438                HAL_RCC_GetSysClockFreq
 .text.HAL_RCC_GetHCLKFreq
                0x08004534       0x14 Drivers\STM32F7xx_HAL_Driver\Src\stm32f7xx_hal_rcc.o
                0x08004534                HAL_RCC_GetHCLKFreq
 .text.HAL_RCC_GetPCLK1Freq
                0x08004548       0x44 Drivers\STM32F7xx_HAL_Driver\Src\stm32f7xx_hal_rcc.o
                0x08004548                HAL_RCC_GetPCLK1Freq
 .text.HAL_RCC_GetPCLK2Freq
                0x0800458c       0x44 Drivers\STM32F7xx_HAL_Driver\Src\stm32f7xx_hal_rcc.o
                0x0800458c                HAL_RCC_GetPCLK2Freq
 .text.HAL_RCCEx_PeriphCLKConfig
                0x080045d0      0xe8c Drivers\STM32F7xx_HAL_Driver\Src\stm32f7xx_hal_rcc_ex.o
                0x080045d0                HAL_RCCEx_PeriphCLKConfig
 .text.HAL_UART_Init
                0x0800545c       0xa2 Drivers\STM32F7xx_HAL_Driver\Src\stm32f7xx_hal_uart.o
                0x0800545c                HAL_UART_Init
 .text.HAL_UART_Transmit_IT
                0x080054fe       0x8c Drivers\STM32F7xx_HAL_Driver\Src\stm32f7xx_hal_uart.o
                0x080054fe                HAL_UART_Transmit_IT
 *fill*         0x0800558a        0x2 
 .text.HAL_UART_IRQHandler
                0x0800558c      0x20c Drivers\STM32F7xx_HAL_Driver\Src\stm32f7xx_hal_uart.o
                0x0800558c                HAL_UART_IRQHandler
 .text.UART_WaitOnFlagUntilTimeout
                0x08005798       0x94 Drivers\STM32F7xx_HAL_Driver\Src\stm32f7xx_hal_uart.o
                0x08005798                UART_WaitOnFlagUntilTimeout
 .text.UART_DMAAbortOnError
                0x0800582c       0x2c Drivers\STM32F7xx_HAL_Driver\Src\stm32f7xx_hal_uart.o
 .text.HAL_UART_ErrorCallback
                0x08005858       0x12 Drivers\STM32F7xx_HAL_Driver\Src\stm32f7xx_hal_uart.o
                0x08005858                HAL_UART_ErrorCallback
 .text.UART_Transmit_IT
                0x0800586a       0xaa Drivers\STM32F7xx_HAL_Driver\Src\stm32f7xx_hal_uart.o
 .text.UART_EndTransmit_IT
                0x08005914       0x30 Drivers\STM32F7xx_HAL_Driver\Src\stm32f7xx_hal_uart.o
 .text.UART_Receive_IT
                0x08005944       0xd6 Drivers\STM32F7xx_HAL_Driver\Src\stm32f7xx_hal_uart.o
 .text.UART_EndRxTransfer
                0x08005a1a       0x3a Drivers\STM32F7xx_HAL_Driver\Src\stm32f7xx_hal_uart.o
 .text.UART_SetConfig
                0x08005a54      0x4dc Drivers\STM32F7xx_HAL_Driver\Src\stm32f7xx_hal_uart.o
                0x08005a54                UART_SetConfig
 .text.UART_AdvFeatureConfig
                0x08005f30      0x142 Drivers\STM32F7xx_HAL_Driver\Src\stm32f7xx_hal_uart.o
                0x08005f30                UART_AdvFeatureConfig
 .text.UART_CheckIdleState
                0x08006072       0x66 Drivers\STM32F7xx_HAL_Driver\Src\stm32f7xx_hal_uart.o
                0x08006072                UART_CheckIdleState
 .text._Error_Handler
                0x080060d8        0xc src\main.o
                0x080060d8                _Error_Handler
 .text.main     0x080060e4       0xe0 src\main.o
                0x080060e4                main
 .text.SystemClock_Config
                0x080061c4      0x100 src\main.o
                0x080061c4                SystemClock_Config
 .text.MX_USART6_UART_Init
                0x080062c4       0x68 src\main.o
 .text.MX_GPIO_Init
                0x0800632c       0x44 src\main.o
 .text.HAL_UART_TxCpltCallback
                0x08006370       0x2c src\main.o
                0x08006370                HAL_UART_TxCpltCallback
 .text.HAL_UART_RxCpltCallback
                0x0800639c       0x2c src\main.o
                0x0800639c                HAL_UART_RxCpltCallback
 .text.convert_from_fp2uint8
                0x080063c8       0x90 src\main.o
 .text.compute_fft_phase
                0x08006458       0x7a src\main.o
 .text.clean_tx_buffer
                0x080064d2       0x30 src\main.o
 *fill*         0x08006502        0x2 
 .text.Reset_Handler
                0x08006504       0x50 src\startup_stm32f769xx.o
                0x08006504                Reset_Handler
 .text.Default_Handler
                0x08006554        0x2 src\startup_stm32f769xx.o
                0x08006554                RTC_Alarm_IRQHandler
                0x08006554                EXTI2_IRQHandler
                0x08006554                TIM8_CC_IRQHandler
                0x08006554                UART8_IRQHandler
                0x08006554                SPI4_IRQHandler
                0x08006554                TIM1_CC_IRQHandler
                0x08006554                DMA2_Stream5_IRQHandler
                0x08006554                JPEG_IRQHandler
                0x08006554                DMA1_Stream5_IRQHandler
                0x08006554                CAN3_RX1_IRQHandler
                0x08006554                PVD_IRQHandler
                0x08006554                TAMP_STAMP_IRQHandler
                0x08006554                CAN2_RX1_IRQHandler
                0x08006554                EXTI3_IRQHandler
                0x08006554                TIM8_TRG_COM_TIM14_IRQHandler
                0x08006554                DFSDM1_FLT1_IRQHandler
                0x08006554                TIM1_UP_TIM10_IRQHandler
                0x08006554                TIM8_UP_TIM13_IRQHandler
                0x08006554                I2C3_ER_IRQHandler
                0x08006554                DFSDM1_FLT2_IRQHandler
                0x08006554                EXTI0_IRQHandler
                0x08006554                I2C2_EV_IRQHandler
                0x08006554                DMA1_Stream2_IRQHandler
                0x08006554                CAN1_RX0_IRQHandler
                0x08006554                FPU_IRQHandler
                0x08006554                OTG_HS_WKUP_IRQHandler
                0x08006554                CAN3_SCE_IRQHandler
                0x08006554                LTDC_ER_IRQHandler
                0x08006554                CAN2_SCE_IRQHandler
                0x08006554                DMA2_Stream2_IRQHandler
                0x08006554                SPI1_IRQHandler
                0x08006554                TIM6_DAC_IRQHandler
                0x08006554                TIM1_BRK_TIM9_IRQHandler
                0x08006554                DCMI_IRQHandler
                0x08006554                CAN2_RX0_IRQHandler
                0x08006554                DMA2_Stream3_IRQHandler
                0x08006554                SAI2_IRQHandler
                0x08006554                DFSDM1_FLT3_IRQHandler
                0x08006554                CAN3_RX0_IRQHandler
                0x08006554                USART3_IRQHandler
                0x08006554                CAN1_RX1_IRQHandler
                0x08006554                UART5_IRQHandler
                0x08006554                DMA2_Stream0_IRQHandler
                0x08006554                TIM4_IRQHandler
                0x08006554                QUADSPI_IRQHandler
                0x08006554                I2C1_EV_IRQHandler
                0x08006554                DMA1_Stream6_IRQHandler
                0x08006554                DMA1_Stream1_IRQHandler
                0x08006554                UART4_IRQHandler
                0x08006554                TIM3_IRQHandler
                0x08006554                RCC_IRQHandler
                0x08006554                TIM8_BRK_TIM12_IRQHandler
                0x08006554                Default_Handler
                0x08006554                CEC_IRQHandler
                0x08006554                EXTI15_10_IRQHandler
                0x08006554                ADC_IRQHandler
                0x08006554                DMA1_Stream7_IRQHandler
                0x08006554                SPI5_IRQHandler
                0x08006554                TIM7_IRQHandler
                0x08006554                SDMMC1_IRQHandler
                0x08006554                CAN2_TX_IRQHandler
                0x08006554                TIM5_IRQHandler
                0x08006554                DMA2_Stream7_IRQHandler
                0x08006554                I2C3_EV_IRQHandler
                0x08006554                EXTI9_5_IRQHandler
                0x08006554                RTC_WKUP_IRQHandler
                0x08006554                LTDC_IRQHandler
                0x08006554                ETH_WKUP_IRQHandler
                0x08006554                SPDIF_RX_IRQHandler
                0x08006554                SPI2_IRQHandler
                0x08006554                OTG_HS_EP1_IN_IRQHandler
                0x08006554                DMA1_Stream0_IRQHandler
                0x08006554                CAN1_TX_IRQHandler
                0x08006554                EXTI4_IRQHandler
                0x08006554                RNG_IRQHandler
                0x08006554                DSI_IRQHandler
                0x08006554                ETH_IRQHandler
                0x08006554                OTG_HS_EP1_OUT_IRQHandler
                0x08006554                WWDG_IRQHandler
                0x08006554                SPI6_IRQHandler
                0x08006554                MDIOS_IRQHandler
                0x08006554                I2C4_EV_IRQHandler
                0x08006554                CAN3_TX_IRQHandler
                0x08006554                TIM2_IRQHandler
                0x08006554                OTG_FS_WKUP_IRQHandler
                0x08006554                TIM1_TRG_COM_TIM11_IRQHandler
                0x08006554                OTG_HS_IRQHandler
                0x08006554                DMA2D_IRQHandler
                0x08006554                EXTI1_IRQHandler
                0x08006554                SDMMC2_IRQHandler
                0x08006554                UART7_IRQHandler
                0x08006554                USART2_IRQHandler
                0x08006554                DFSDM1_FLT0_IRQHandler
                0x08006554                I2C2_ER_IRQHandler
                0x08006554                DMA2_Stream1_IRQHandler
                0x08006554                CAN1_SCE_IRQHandler
                0x08006554                FLASH_IRQHandler
                0x08006554                DMA2_Stream4_IRQHandler
                0x08006554                USART1_IRQHandler
                0x08006554                OTG_FS_IRQHandler
                0x08006554                SPI3_IRQHandler
                0x08006554                DMA1_Stream4_IRQHandler
                0x08006554                I2C1_ER_IRQHandler
                0x08006554                FMC_IRQHandler
                0x08006554                LPTIM1_IRQHandler
                0x08006554                I2C4_ER_IRQHandler
                0x08006554                DMA2_Stream6_IRQHandler
                0x08006554                SAI1_IRQHandler
                0x08006554                DMA1_Stream3_IRQHandler
 .text.HAL_MspInit
                0x08006556       0x62 src\stm32f7xx_hal_msp.o
                0x08006556                HAL_MspInit
 .text.HAL_UART_MspInit
                0x080065b8       0x70 src\stm32f7xx_hal_msp.o
                0x080065b8                HAL_UART_MspInit
 .text.NMI_Handler
                0x08006628        0xc src\stm32f7xx_it.o
                0x08006628                NMI_Handler
 .text.HardFault_Handler
                0x08006634        0x6 src\stm32f7xx_it.o
                0x08006634                HardFault_Handler
 .text.MemManage_Handler
                0x0800663a        0x6 src\stm32f7xx_it.o
                0x0800663a                MemManage_Handler
 .text.BusFault_Handler
                0x08006640        0x6 src\stm32f7xx_it.o
                0x08006640                BusFault_Handler
 .text.UsageFault_Handler
                0x08006646        0x6 src\stm32f7xx_it.o
                0x08006646                UsageFault_Handler
 .text.SVC_Handler
                0x0800664c        0xc src\stm32f7xx_it.o
                0x0800664c                SVC_Handler
 .text.DebugMon_Handler
                0x08006658        0xc src\stm32f7xx_it.o
                0x08006658                DebugMon_Handler
 .text.PendSV_Handler
                0x08006664        0xc src\stm32f7xx_it.o
                0x08006664                PendSV_Handler
 .text.SysTick_Handler
                0x08006670       0x10 src\stm32f7xx_it.o
                0x08006670                SysTick_Handler
 .text.USART6_IRQHandler
                0x08006680       0x14 src\stm32f7xx_it.o
                0x08006680                USART6_IRQHandler
 .text.SystemInit
                0x08006694       0x5c src\system_stm32f7xx.o
                0x08006694                SystemInit
 .text.__libc_init_array
                0x080066f0       0x48 c:/program files (x86)/atollic/truestudio for arm 8.0.0/armtools/bin/../lib/gcc/arm-atollic-eabi/6.3.1/../../../../arm-atollic-eabi/lib/armv7e-m\libc_nano.a(lib_a-init.o)
                0x080066f0                __libc_init_array
 .text.atan2    0x08006738        0x4 c:/program files (x86)/atollic/truestudio for arm 8.0.0/armtools/bin/../lib/gcc/arm-atollic-eabi/6.3.1/../../../../arm-atollic-eabi/lib/armv7e-m\libm.a(lib_a-w_atan2.o)
                0x08006738                atan2
 .text.sqrtf    0x0800673c       0x94 c:/program files (x86)/atollic/truestudio for arm 8.0.0/armtools/bin/../lib/gcc/arm-atollic-eabi/6.3.1/../../../../arm-atollic-eabi/lib/armv7e-m\libm.a(lib_a-wf_sqrt.o)
                0x0800673c                sqrtf
 .text.__ieee754_atan2
                0x080067d0      0x1b4 c:/program files (x86)/atollic/truestudio for arm 8.0.0/armtools/bin/../lib/gcc/arm-atollic-eabi/6.3.1/../../../../arm-atollic-eabi/lib/armv7e-m\libm.a(lib_a-e_atan2.o)
                0x080067d0                __ieee754_atan2
 .text.__ieee754_sqrtf
                0x08006984       0x9e c:/program files (x86)/atollic/truestudio for arm 8.0.0/armtools/bin/../lib/gcc/arm-atollic-eabi/6.3.1/../../../../arm-atollic-eabi/lib/armv7e-m\libm.a(lib_a-ef_sqrt.o)
                0x08006984                __ieee754_sqrtf
 *fill*         0x08006a22        0x6 
 .text.atan     0x08006a28      0x324 c:/program files (x86)/atollic/truestudio for arm 8.0.0/armtools/bin/../lib/gcc/arm-atollic-eabi/6.3.1/../../../../arm-atollic-eabi/lib/armv7e-m\libm.a(lib_a-s_atan.o)
                0x08006a28                atan
 .text.fabs     0x08006d4c        0x6 c:/program files (x86)/atollic/truestudio for arm 8.0.0/armtools/bin/../lib/gcc/arm-atollic-eabi/6.3.1/../../../../arm-atollic-eabi/lib/armv7e-m\libm.a(lib_a-s_fabs.o)
                0x08006d4c                fabs
 .text.matherr  0x08006d52        0x4 c:/program files (x86)/atollic/truestudio for arm 8.0.0/armtools/bin/../lib/gcc/arm-atollic-eabi/6.3.1/../../../../arm-atollic-eabi/lib/armv7e-m\libm.a(lib_a-s_matherr.o)
                0x08006d52                matherr
 *fill*         0x08006d56        0x2 
 .text.__errno  0x08006d58        0xc c:/program files (x86)/atollic/truestudio for arm 8.0.0/armtools/bin/../lib/gcc/arm-atollic-eabi/6.3.1/../../../../arm-atollic-eabi/lib/armv7e-m\libc_nano.a(lib_a-errno.o)
                0x08006d58                __errno
 *(.glue_7)
 .glue_7        0x08006d64        0x0 linker stubs
 *(.glue_7t)
 .glue_7t       0x08006d64        0x0 linker stubs
 *(.eh_frame)
 .eh_frame      0x08006d64        0x0 c:/program files (x86)/atollic/truestudio for arm 8.0.0/armtools/bin/../lib/gcc/arm-atollic-eabi/6.3.1/armv7e-m/crtbegin.o
 *(.init)
 .init          0x08006d64        0x4 c:/program files (x86)/atollic/truestudio for arm 8.0.0/armtools/bin/../lib/gcc/arm-atollic-eabi/6.3.1/armv7e-m/crti.o
                0x08006d64                _init
 .init          0x08006d68        0x8 c:/program files (x86)/atollic/truestudio for arm 8.0.0/armtools/bin/../lib/gcc/arm-atollic-eabi/6.3.1/armv7e-m/crtn.o
 *(.fini)
 .fini          0x08006d70        0x4 c:/program files (x86)/atollic/truestudio for arm 8.0.0/armtools/bin/../lib/gcc/arm-atollic-eabi/6.3.1/armv7e-m/crti.o
                0x08006d70                _fini
 .fini          0x08006d74        0x8 c:/program files (x86)/atollic/truestudio for arm 8.0.0/armtools/bin/../lib/gcc/arm-atollic-eabi/6.3.1/armv7e-m/crtn.o
                0x08006d7c                . = ALIGN (0x4)
                0x08006d7c                _etext = .

.vfp11_veneer   0x08006d7c        0x0
 .vfp11_veneer  0x08006d7c        0x0 linker stubs

.v4_bx          0x08006d7c        0x0
 .v4_bx         0x08006d7c        0x0 linker stubs

.iplt           0x08006d7c        0x0
 .iplt          0x08006d7c        0x0 c:/program files (x86)/atollic/truestudio for arm 8.0.0/armtools/bin/../lib/gcc/arm-atollic-eabi/6.3.1/armv7e-m/crtbegin.o

.rodata         0x08006d80     0x2e90
                0x08006d80                . = ALIGN (0x4)
 *(.rodata)
 .rodata        0x08006d80        0xe src\main.o
 *(.rodata*)
 *fill*         0x08006d8e        0x2 
 .rodata.twiddleCoef_1024
                0x08006d90     0x2000 Drivers\CMSIS\DSP_Lib\Source\CommonTables\arm_common_tables.o
                0x08006d90                twiddleCoef_1024
 .rodata.armBitRevIndexTable1024
                0x08008d90      0xe10 Drivers\CMSIS\DSP_Lib\Source\CommonTables\arm_common_tables.o
                0x08008d90                armBitRevIndexTable1024
 .rodata.arm_cfft_sR_f32_len1024
                0x08009ba0       0x10 Drivers\CMSIS\DSP_Lib\Source\CommonTables\arm_const_structs.o
                0x08009ba0                arm_cfft_sR_f32_len1024
 .rodata.AHBPrescTable
                0x08009bb0       0x10 src\system_stm32f7xx.o
                0x08009bb0                AHBPrescTable
 .rodata.APBPrescTable
                0x08009bc0        0x8 src\system_stm32f7xx.o
                0x08009bc0                APBPrescTable
 .rodata.sqrtf.str1.1
                0x08009bc8        0x6 c:/program files (x86)/atollic/truestudio for arm 8.0.0/armtools/bin/../lib/gcc/arm-atollic-eabi/6.3.1/../../../../arm-atollic-eabi/lib/armv7e-m\libm.a(lib_a-wf_sqrt.o)
 *fill*         0x08009bce        0x2 
 .rodata.atanhi
                0x08009bd0       0x20 c:/program files (x86)/atollic/truestudio for arm 8.0.0/armtools/bin/../lib/gcc/arm-atollic-eabi/6.3.1/../../../../arm-atollic-eabi/lib/armv7e-m\libm.a(lib_a-s_atan.o)
 .rodata.atanlo
                0x08009bf0       0x20 c:/program files (x86)/atollic/truestudio for arm 8.0.0/armtools/bin/../lib/gcc/arm-atollic-eabi/6.3.1/../../../../arm-atollic-eabi/lib/armv7e-m\libm.a(lib_a-s_atan.o)
                0x08009c10                . = ALIGN (0x4)

.rel.dyn        0x08009c10        0x0
 .rel.iplt      0x08009c10        0x0 c:/program files (x86)/atollic/truestudio for arm 8.0.0/armtools/bin/../lib/gcc/arm-atollic-eabi/6.3.1/armv7e-m/crtbegin.o

.ARM.extab
 *(.ARM.extab* .gnu.linkonce.armextab.*)

.ARM            0x08009c10        0x0
                0x08009c10                __exidx_start = .
 *(.ARM.exidx*)
                0x08009c10                __exidx_end = .

.preinit_array  0x08009c10        0x0
                0x08009c10                PROVIDE (__preinit_array_start, .)
 *(.preinit_array*)
                0x08009c10                PROVIDE (__preinit_array_end, .)

.init_array     0x08009c10        0x4
                0x08009c10                PROVIDE (__init_array_start, .)
 *(SORT(.init_array.*))
 *(.init_array*)
 .init_array    0x08009c10        0x4 c:/program files (x86)/atollic/truestudio for arm 8.0.0/armtools/bin/../lib/gcc/arm-atollic-eabi/6.3.1/armv7e-m/crtbegin.o
                0x08009c14                PROVIDE (__init_array_end, .)

.fini_array     0x08009c14        0x4
                [!provide]                PROVIDE (__fini_array_start, .)
 *(SORT(.fini_array.*))
 *(.fini_array*)
 .fini_array    0x08009c14        0x4 c:/program files (x86)/atollic/truestudio for arm 8.0.0/armtools/bin/../lib/gcc/arm-atollic-eabi/6.3.1/armv7e-m/crtbegin.o
                [!provide]                PROVIDE (__fini_array_end, .)
                0x08009c18                _sidata = LOADADDR (.data)

.data           0x20020000     0x2070 load address 0x08009c18
                0x20020000                . = ALIGN (0x4)
                0x20020000                _sdata = .
 *(.data)
 *(.data*)
 .data.I_waveform
                0x20020000     0x2000 src\fft_data.o
                0x20020000                I_waveform
 .data.doBitReverse
                0x20022000        0x4 src\main.o
                0x20022000                doBitReverse
 .data.SystemCoreClock
                0x20022004        0x4 src\system_stm32f7xx.o
                0x20022004                SystemCoreClock
 .data.__fdlib_version
                0x20022008        0x1 c:/program files (x86)/atollic/truestudio for arm 8.0.0/armtools/bin/../lib/gcc/arm-atollic-eabi/6.3.1/../../../../arm-atollic-eabi/lib/armv7e-m\libm.a(lib_a-s_lib_ver.o)
                0x20022008                __fdlib_version
 *fill*         0x20022009        0x3 
 .data._impure_ptr
                0x2002200c        0x4 c:/program files (x86)/atollic/truestudio for arm 8.0.0/armtools/bin/../lib/gcc/arm-atollic-eabi/6.3.1/../../../../arm-atollic-eabi/lib/armv7e-m\libc_nano.a(lib_a-impure.o)
                0x2002200c                _impure_ptr
 .data.impure_data
                0x20022010       0x60 c:/program files (x86)/atollic/truestudio for arm 8.0.0/armtools/bin/../lib/gcc/arm-atollic-eabi/6.3.1/../../../../arm-atollic-eabi/lib/armv7e-m\libc_nano.a(lib_a-impure.o)
                0x20022070                . = ALIGN (0x4)
                0x20022070                _edata = .
                0x0800bc88                _sidtcmram = LOADADDR (.dtcmram)

.igot.plt       0x20022070        0x0 load address 0x0800bc88
 .igot.plt      0x20022070        0x0 c:/program files (x86)/atollic/truestudio for arm 8.0.0/armtools/bin/../lib/gcc/arm-atollic-eabi/6.3.1/armv7e-m/crtbegin.o

.dtcmram        0x20000000        0x0 load address 0x0800bc88
                0x20000000                . = ALIGN (0x4)
                0x20000000                _sdtcmram = .
 *(.dtcmram)
 *(.dtcmram*)
                0x20000000                . = ALIGN (0x4)
                0x20000000                _edtcmram = .
                0x0800bc88                _sisram2 = LOADADDR (.sram2)

.sram2          0x2007c000        0x0 load address 0x0800bc88
                0x2007c000                . = ALIGN (0x4)
                0x2007c000                _ssram2 = .
 *(.sram2)
 *(.sram2*)
                0x2007c000                . = ALIGN (0x4)
                0x2007c000                _esram2 = .
                0x2007c000                . = ALIGN (0x4)

.bss            0x20022070     0x349c
                0x20022070                _sbss = .
                0x20022070                __bss_start__ = _sbss
 *(.bss)
 .bss           0x20022070       0x1c c:/program files (x86)/atollic/truestudio for arm 8.0.0/armtools/bin/../lib/gcc/arm-atollic-eabi/6.3.1/armv7e-m/crtbegin.o
 *(.bss*)
 .bss.UartReady
                0x2002208c        0x1 src\main.o
                0x2002208c                UartReady
 *fill*         0x2002208d        0x3 
 .bss.ifftFlag  0x20022090        0x4 src\main.o
                0x20022090                ifftFlag
 .bss.testIndex
                0x20022094        0x4 src\main.o
                0x20022094                testIndex
 *(COMMON)
 COMMON         0x20022098        0x4 Drivers\STM32F7xx_HAL_Driver\Src\stm32f7xx_hal.o
                0x20022098                uwTick
 COMMON         0x2002209c     0x3470 src\main.o
                0x2002209c                testOutput
                0x2002309c                txBuffer
                0x2002449c                huart6
                0x2002450c                phase_data
                0x2002550c                . = ALIGN (0x4)
                0x2002550c                _ebss = .
                0x2002550c                __bss_end__ = _ebss

._user_heap_stack
                0x2002550c      0x400
                0x2002550c                . = ALIGN (0x4)
                [!provide]                PROVIDE (end, .)
                [!provide]                PROVIDE (_end, .)
                0x2002550c                . = (. + _Min_Heap_Size)
                0x2002590c                . = (. + _Min_Stack_Size)
 *fill*         0x2002550c      0x400 
                0x2002590c                . = ALIGN (0x4)

.memory_b1_text
 *(.mb1text)
 *(.mb1text*)
 *(.mb1rodata)
 *(.mb1rodata*)

/DISCARD/
 libc.a(*)
 libm.a(*)
 libgcc.a(*)

.ARM.attributes
                0x00000000       0x2a
 *(.ARM.attributes)
 .ARM.attributes
                0x00000000       0x1e c:/program files (x86)/atollic/truestudio for arm 8.0.0/armtools/bin/../lib/gcc/arm-atollic-eabi/6.3.1/armv7e-m/crti.o
 .ARM.attributes
                0x0000001e       0x2e c:/program files (x86)/atollic/truestudio for arm 8.0.0/armtools/bin/../lib/gcc/arm-atollic-eabi/6.3.1/armv7e-m/crtbegin.o
 .ARM.attributes
                0x0000004c       0x33 Drivers\CMSIS\DSP_Lib\Source\CommonTables\arm_common_tables.o
 .ARM.attributes
                0x0000007f       0x33 Drivers\CMSIS\DSP_Lib\Source\CommonTables\arm_const_structs.o
 .ARM.attributes
                0x000000b2       0x33 Drivers\CMSIS\DSP_Lib\Source\ComplexMathFunctions\arm_cmplx_mag_f32.o
 .ARM.attributes
                0x000000e5       0x33 Drivers\CMSIS\DSP_Lib\Source\StatisticsFunctions\arm_max_f32.o
 .ARM.attributes
                0x00000118       0x21 Drivers\CMSIS\DSP_Lib\Source\TransformFunctions\arm_bitreversal2.o
 .ARM.attributes
                0x00000139       0x33 Drivers\CMSIS\DSP_Lib\Source\TransformFunctions\arm_cfft_f32.o
 .ARM.attributes
                0x0000016c       0x33 Drivers\CMSIS\DSP_Lib\Source\TransformFunctions\arm_cfft_radix8_f32.o
 .ARM.attributes
                0x0000019f       0x33 Drivers\STM32F7xx_HAL_Driver\Src\stm32f7xx_hal.o
 .ARM.attributes
                0x000001d2       0x33 Drivers\STM32F7xx_HAL_Driver\Src\stm32f7xx_hal_cortex.o
 .ARM.attributes
                0x00000205       0x33 Drivers\STM32F7xx_HAL_Driver\Src\stm32f7xx_hal_dma.o
 .ARM.attributes
                0x00000238       0x33 Drivers\STM32F7xx_HAL_Driver\Src\stm32f7xx_hal_gpio.o
 .ARM.attributes
                0x0000026b       0x33 Drivers\STM32F7xx_HAL_Driver\Src\stm32f7xx_hal_rcc.o
 .ARM.attributes
                0x0000029e       0x33 Drivers\STM32F7xx_HAL_Driver\Src\stm32f7xx_hal_rcc_ex.o
 .ARM.attributes
                0x000002d1       0x33 Drivers\STM32F7xx_HAL_Driver\Src\stm32f7xx_hal_uart.o
 .ARM.attributes
                0x00000304       0x33 src\fft_data.o
 .ARM.attributes
                0x00000337       0x33 src\main.o
 .ARM.attributes
                0x0000036a       0x21 src\startup_stm32f769xx.o
 .ARM.attributes
                0x0000038b       0x33 src\stm32f7xx_hal_msp.o
 .ARM.attributes
                0x000003be       0x33 src\stm32f7xx_it.o
 .ARM.attributes
                0x000003f1       0x33 src\system_stm32f7xx.o
 .ARM.attributes
                0x00000424       0x2e c:/program files (x86)/atollic/truestudio for arm 8.0.0/armtools/bin/../lib/gcc/arm-atollic-eabi/6.3.1/../../../../arm-atollic-eabi/lib/armv7e-m\libc_nano.a(lib_a-init.o)
 .ARM.attributes
                0x00000452       0x2e c:/program files (x86)/atollic/truestudio for arm 8.0.0/armtools/bin/../lib/gcc/arm-atollic-eabi/6.3.1/../../../../arm-atollic-eabi/lib/armv7e-m\libm.a(lib_a-w_atan2.o)
 .ARM.attributes
                0x00000480       0x2e c:/program files (x86)/atollic/truestudio for arm 8.0.0/armtools/bin/../lib/gcc/arm-atollic-eabi/6.3.1/../../../../arm-atollic-eabi/lib/armv7e-m\libm.a(lib_a-wf_sqrt.o)
 .ARM.attributes
                0x000004ae       0x2e c:/program files (x86)/atollic/truestudio for arm 8.0.0/armtools/bin/../lib/gcc/arm-atollic-eabi/6.3.1/../../../../arm-atollic-eabi/lib/armv7e-m\libm.a(lib_a-e_atan2.o)
 .ARM.attributes
                0x000004dc       0x2e c:/program files (x86)/atollic/truestudio for arm 8.0.0/armtools/bin/../lib/gcc/arm-atollic-eabi/6.3.1/../../../../arm-atollic-eabi/lib/armv7e-m\libm.a(lib_a-ef_sqrt.o)
 .ARM.attributes
                0x0000050a       0x2e c:/program files (x86)/atollic/truestudio for arm 8.0.0/armtools/bin/../lib/gcc/arm-atollic-eabi/6.3.1/../../../../arm-atollic-eabi/lib/armv7e-m\libm.a(lib_a-s_atan.o)
 .ARM.attributes
                0x00000538       0x2e c:/program files (x86)/atollic/truestudio for arm 8.0.0/armtools/bin/../lib/gcc/arm-atollic-eabi/6.3.1/../../../../arm-atollic-eabi/lib/armv7e-m\libm.a(lib_a-s_fabs.o)
 .ARM.attributes
                0x00000566       0x2e c:/program files (x86)/atollic/truestudio for arm 8.0.0/armtools/bin/../lib/gcc/arm-atollic-eabi/6.3.1/../../../../arm-atollic-eabi/lib/armv7e-m\libm.a(lib_a-s_lib_ver.o)
 .ARM.attributes
                0x00000594       0x2e c:/program files (x86)/atollic/truestudio for arm 8.0.0/armtools/bin/../lib/gcc/arm-atollic-eabi/6.3.1/../../../../arm-atollic-eabi/lib/armv7e-m\libm.a(lib_a-s_matherr.o)
 .ARM.attributes
                0x000005c2       0x2e c:/program files (x86)/atollic/truestudio for arm 8.0.0/armtools/bin/../lib/gcc/arm-atollic-eabi/6.3.1/../../../../arm-atollic-eabi/lib/armv7e-m\libc_nano.a(lib_a-errno.o)
 .ARM.attributes
                0x000005f0       0x2e c:/program files (x86)/atollic/truestudio for arm 8.0.0/armtools/bin/../lib/gcc/arm-atollic-eabi/6.3.1/../../../../arm-atollic-eabi/lib/armv7e-m\libc_nano.a(lib_a-impure.o)
 .ARM.attributes
                0x0000061e       0x1e c:/program files (x86)/atollic/truestudio for arm 8.0.0/armtools/bin/../lib/gcc/arm-atollic-eabi/6.3.1/armv7e-m\libgcc.a(_arm_addsubdf3.o)
 .ARM.attributes
                0x0000063c       0x1e c:/program files (x86)/atollic/truestudio for arm 8.0.0/armtools/bin/../lib/gcc/arm-atollic-eabi/6.3.1/armv7e-m\libgcc.a(_arm_muldivdf3.o)
 .ARM.attributes
                0x0000065a       0x1e c:/program files (x86)/atollic/truestudio for arm 8.0.0/armtools/bin/../lib/gcc/arm-atollic-eabi/6.3.1/armv7e-m\libgcc.a(_arm_cmpdf2.o)
 .ARM.attributes
                0x00000678       0x1e c:/program files (x86)/atollic/truestudio for arm 8.0.0/armtools/bin/../lib/gcc/arm-atollic-eabi/6.3.1/armv7e-m\libgcc.a(_arm_truncdfsf2.o)
 .ARM.attributes
                0x00000696       0x1e c:/program files (x86)/atollic/truestudio for arm 8.0.0/armtools/bin/../lib/gcc/arm-atollic-eabi/6.3.1/armv7e-m\libgcc.a(_arm_addsubsf3.o)
 .ARM.attributes
                0x000006b4       0x1e c:/program files (x86)/atollic/truestudio for arm 8.0.0/armtools/bin/../lib/gcc/arm-atollic-eabi/6.3.1/armv7e-m\libgcc.a(_arm_muldivsf3.o)
 .ARM.attributes
                0x000006d2       0x1e c:/program files (x86)/atollic/truestudio for arm 8.0.0/armtools/bin/../lib/gcc/arm-atollic-eabi/6.3.1/armv7e-m\libgcc.a(_arm_cmpsf2.o)
 .ARM.attributes
                0x000006f0       0x1e c:/program files (x86)/atollic/truestudio for arm 8.0.0/armtools/bin/../lib/gcc/arm-atollic-eabi/6.3.1/armv7e-m\libgcc.a(_arm_unordsf2.o)
 .ARM.attributes
                0x0000070e       0x1e c:/program files (x86)/atollic/truestudio for arm 8.0.0/armtools/bin/../lib/gcc/arm-atollic-eabi/6.3.1/armv7e-m\libgcc.a(_arm_fixsfsi.o)
 .ARM.attributes
                0x0000072c       0x1e c:/program files (x86)/atollic/truestudio for arm 8.0.0/armtools/bin/../lib/gcc/arm-atollic-eabi/6.3.1/armv7e-m/crtn.o
OUTPUT(cmsis_dsp_fft.elf elf32-littlearm)

.debug_info     0x00000000    0x14f71
 .debug_info    0x00000000     0x1322 Drivers\CMSIS\DSP_Lib\Source\CommonTables\arm_common_tables.o
 .debug_info    0x00001322     0x1378 Drivers\CMSIS\DSP_Lib\Source\CommonTables\arm_const_structs.o
 .debug_info    0x0000269a      0x9da Drivers\CMSIS\DSP_Lib\Source\ComplexMathFunctions\arm_cmplx_mag_f32.o
 .debug_info    0x00003074      0x9a0 Drivers\CMSIS\DSP_Lib\Source\StatisticsFunctions\arm_max_f32.o
 .debug_info    0x00003a14       0xe8 Drivers\CMSIS\DSP_Lib\Source\TransformFunctions\arm_bitreversal2.o
 .debug_info    0x00003afc     0x145f Drivers\CMSIS\DSP_Lib\Source\TransformFunctions\arm_cfft_f32.o
 .debug_info    0x00004f5b      0xc80 Drivers\CMSIS\DSP_Lib\Source\TransformFunctions\arm_cfft_radix8_f32.o
 .debug_info    0x00005bdb     0x1132 Drivers\STM32F7xx_HAL_Driver\Src\stm32f7xx_hal.o
 .debug_info    0x00006d0d     0x184c Drivers\STM32F7xx_HAL_Driver\Src\stm32f7xx_hal_cortex.o
 .debug_info    0x00008559     0x1123 Drivers\STM32F7xx_HAL_Driver\Src\stm32f7xx_hal_dma.o
 .debug_info    0x0000967c      0xfaa Drivers\STM32F7xx_HAL_Driver\Src\stm32f7xx_hal_gpio.o
 .debug_info    0x0000a626     0x13d8 Drivers\STM32F7xx_HAL_Driver\Src\stm32f7xx_hal_rcc.o
 .debug_info    0x0000b9fe     0x1898 Drivers\STM32F7xx_HAL_Driver\Src\stm32f7xx_hal_rcc_ex.o
 .debug_info    0x0000d296     0x1b78 Drivers\STM32F7xx_HAL_Driver\Src\stm32f7xx_hal_uart.o
 .debug_info    0x0000ee0e      0x909 src\fft_data.o
 .debug_info    0x0000f717     0x24f4 src\main.o
 .debug_info    0x00011c0b       0xbb src\startup_stm32f769xx.o
 .debug_info    0x00011cc6     0x1484 src\stm32f7xx_hal_msp.o
 .debug_info    0x0001314a      0xf27 src\stm32f7xx_it.o
 .debug_info    0x00014071      0xf00 src\system_stm32f7xx.o

.debug_abbrev   0x00000000     0x277a
 .debug_abbrev  0x00000000      0x19b Drivers\CMSIS\DSP_Lib\Source\CommonTables\arm_common_tables.o
 .debug_abbrev  0x0000019b      0x19b Drivers\CMSIS\DSP_Lib\Source\CommonTables\arm_const_structs.o
 .debug_abbrev  0x00000336      0x1e8 Drivers\CMSIS\DSP_Lib\Source\ComplexMathFunctions\arm_cmplx_mag_f32.o
 .debug_abbrev  0x0000051e      0x1b2 Drivers\CMSIS\DSP_Lib\Source\StatisticsFunctions\arm_max_f32.o
 .debug_abbrev  0x000006d0       0x14 Drivers\CMSIS\DSP_Lib\Source\TransformFunctions\arm_bitreversal2.o
 .debug_abbrev  0x000006e4      0x22d Drivers\CMSIS\DSP_Lib\Source\TransformFunctions\arm_cfft_f32.o
 .debug_abbrev  0x00000911      0x1a1 Drivers\CMSIS\DSP_Lib\Source\TransformFunctions\arm_cfft_radix8_f32.o
 .debug_abbrev  0x00000ab2      0x266 Drivers\STM32F7xx_HAL_Driver\Src\stm32f7xx_hal.o
 .debug_abbrev  0x00000d18      0x371 Drivers\STM32F7xx_HAL_Driver\Src\stm32f7xx_hal_cortex.o
 .debug_abbrev  0x00001089      0x286 Drivers\STM32F7xx_HAL_Driver\Src\stm32f7xx_hal_dma.o
 .debug_abbrev  0x0000130f      0x24c Drivers\STM32F7xx_HAL_Driver\Src\stm32f7xx_hal_gpio.o
 .debug_abbrev  0x0000155b      0x2eb Drivers\STM32F7xx_HAL_Driver\Src\stm32f7xx_hal_rcc.o
 .debug_abbrev  0x00001846      0x28d Drivers\STM32F7xx_HAL_Driver\Src\stm32f7xx_hal_rcc_ex.o
 .debug_abbrev  0x00001ad3      0x2b4 Drivers\STM32F7xx_HAL_Driver\Src\stm32f7xx_hal_uart.o
 .debug_abbrev  0x00001d87      0x181 src\fft_data.o
 .debug_abbrev  0x00001f08      0x2de src\main.o
 .debug_abbrev  0x000021e6       0x12 src\startup_stm32f769xx.o
 .debug_abbrev  0x000021f8      0x1e7 src\stm32f7xx_hal_msp.o
 .debug_abbrev  0x000023df      0x1b5 src\stm32f7xx_it.o
 .debug_abbrev  0x00002594      0x1e6 src\system_stm32f7xx.o

.debug_aranges  0x00000000      0x798
 .debug_aranges
                0x00000000       0x18 Drivers\CMSIS\DSP_Lib\Source\CommonTables\arm_common_tables.o
 .debug_aranges
                0x00000018       0x18 Drivers\CMSIS\DSP_Lib\Source\CommonTables\arm_const_structs.o
 .debug_aranges
                0x00000030       0x28 Drivers\CMSIS\DSP_Lib\Source\ComplexMathFunctions\arm_cmplx_mag_f32.o
 .debug_aranges
                0x00000058       0x20 Drivers\CMSIS\DSP_Lib\Source\StatisticsFunctions\arm_max_f32.o
 .debug_aranges
                0x00000078       0x20 Drivers\CMSIS\DSP_Lib\Source\TransformFunctions\arm_bitreversal2.o
 .debug_aranges
                0x00000098       0x30 Drivers\CMSIS\DSP_Lib\Source\TransformFunctions\arm_cfft_f32.o
 .debug_aranges
                0x000000c8       0x20 Drivers\CMSIS\DSP_Lib\Source\TransformFunctions\arm_cfft_radix8_f32.o
 .debug_aranges
                0x000000e8       0xe0 Drivers\STM32F7xx_HAL_Driver\Src\stm32f7xx_hal.o
 .debug_aranges
                0x000001c8      0x118 Drivers\STM32F7xx_HAL_Driver\Src\stm32f7xx_hal_cortex.o
 .debug_aranges
                0x000002e0       0x90 Drivers\STM32F7xx_HAL_Driver\Src\stm32f7xx_hal_dma.o
 .debug_aranges
                0x00000370       0x58 Drivers\STM32F7xx_HAL_Driver\Src\stm32f7xx_hal_gpio.o
 .debug_aranges
                0x000003c8       0x88 Drivers\STM32F7xx_HAL_Driver\Src\stm32f7xx_hal_rcc.o
 .debug_aranges
                0x00000450       0x30 Drivers\STM32F7xx_HAL_Driver\Src\stm32f7xx_hal_rcc_ex.o
 .debug_aranges
                0x00000480      0x190 Drivers\STM32F7xx_HAL_Driver\Src\stm32f7xx_hal_uart.o
 .debug_aranges
                0x00000610       0x18 src\fft_data.o
 .debug_aranges
                0x00000628       0x88 src\main.o
 .debug_aranges
                0x000006b0       0x28 src\startup_stm32f769xx.o
 .debug_aranges
                0x000006d8       0x30 src\stm32f7xx_hal_msp.o
 .debug_aranges
                0x00000708       0x68 src\stm32f7xx_it.o
 .debug_aranges
                0x00000770       0x28 src\system_stm32f7xx.o

.debug_line     0x00000000     0x54f6
 .debug_line    0x00000000      0x279 Drivers\CMSIS\DSP_Lib\Source\CommonTables\arm_common_tables.o
 .debug_line    0x00000279      0x290 Drivers\CMSIS\DSP_Lib\Source\CommonTables\arm_const_structs.o
 .debug_line    0x00000509      0x2bb Drivers\CMSIS\DSP_Lib\Source\ComplexMathFunctions\arm_cmplx_mag_f32.o
 .debug_line    0x000007c4      0x2a0 Drivers\CMSIS\DSP_Lib\Source\StatisticsFunctions\arm_max_f32.o
 .debug_line    0x00000a64       0xb5 Drivers\CMSIS\DSP_Lib\Source\TransformFunctions\arm_bitreversal2.o
 .debug_line    0x00000b19      0x60f Drivers\CMSIS\DSP_Lib\Source\TransformFunctions\arm_cfft_f32.o
 .debug_line    0x00001128      0x5fc Drivers\CMSIS\DSP_Lib\Source\TransformFunctions\arm_cfft_radix8_f32.o
 .debug_line    0x00001724      0x459 Drivers\STM32F7xx_HAL_Driver\Src\stm32f7xx_hal.o
 .debug_line    0x00001b7d      0x5c3 Drivers\STM32F7xx_HAL_Driver\Src\stm32f7xx_hal_cortex.o
 .debug_line    0x00002140      0x57d Drivers\STM32F7xx_HAL_Driver\Src\stm32f7xx_hal_dma.o
 .debug_line    0x000026bd      0x4ba Drivers\STM32F7xx_HAL_Driver\Src\stm32f7xx_hal_gpio.o
 .debug_line    0x00002b77      0x628 Drivers\STM32F7xx_HAL_Driver\Src\stm32f7xx_hal_rcc.o
 .debug_line    0x0000319f      0x724 Drivers\STM32F7xx_HAL_Driver\Src\stm32f7xx_hal_rcc_ex.o
 .debug_line    0x000038c3      0xc01 Drivers\STM32F7xx_HAL_Driver\Src\stm32f7xx_hal_uart.o
 .debug_line    0x000044c4      0x1b0 src\fft_data.o
 .debug_line    0x00004674      0x560 src\main.o
 .debug_line    0x00004bd4       0x7b src\startup_stm32f769xx.o
 .debug_line    0x00004c4f      0x2f5 src\stm32f7xx_hal_msp.o
 .debug_line    0x00004f44      0x34b src\stm32f7xx_it.o
 .debug_line    0x0000528f      0x267 src\system_stm32f7xx.o

.debug_str      0x00000000     0x390e
 .debug_str     0x00000000      0xb0e Drivers\CMSIS\DSP_Lib\Source\CommonTables\arm_common_tables.o
                                0xba5 (size before relaxing)
 .debug_str     0x00000b0e      0x31a Drivers\CMSIS\DSP_Lib\Source\CommonTables\arm_const_structs.o
                                0xe7e (size before relaxing)
 .debug_str     0x00000e28      0x13b Drivers\CMSIS\DSP_Lib\Source\ComplexMathFunctions\arm_cmplx_mag_f32.o
                                0x78e (size before relaxing)
 .debug_str     0x00000f63       0x80 Drivers\CMSIS\DSP_Lib\Source\StatisticsFunctions\arm_max_f32.o
                                0x6f0 (size before relaxing)
 .debug_str     0x00000fe3      0x115 Drivers\CMSIS\DSP_Lib\Source\TransformFunctions\arm_cfft_f32.o
                                0xcda (size before relaxing)
 .debug_str     0x000010f8       0x79 Drivers\CMSIS\DSP_Lib\Source\TransformFunctions\arm_cfft_radix8_f32.o
                                0x6f7 (size before relaxing)
 .debug_str     0x00001171      0xa98 Drivers\STM32F7xx_HAL_Driver\Src\stm32f7xx_hal.o
                               0x10b3 (size before relaxing)
 .debug_str     0x00001c09      0x4d3 Drivers\STM32F7xx_HAL_Driver\Src\stm32f7xx_hal_cortex.o
                               0x12dd (size before relaxing)
 .debug_str     0x000020dc      0x534 Drivers\STM32F7xx_HAL_Driver\Src\stm32f7xx_hal_dma.o
                                0xc05 (size before relaxing)
 .debug_str     0x00002610      0x1a2 Drivers\STM32F7xx_HAL_Driver\Src\stm32f7xx_hal_gpio.o
                                0x9a8 (size before relaxing)
 .debug_str     0x000027b2      0x317 Drivers\STM32F7xx_HAL_Driver\Src\stm32f7xx_hal_rcc.o
                                0xb54 (size before relaxing)
 .debug_str     0x00002ac9      0x39d Drivers\STM32F7xx_HAL_Driver\Src\stm32f7xx_hal_rcc_ex.o
                                0xb78 (size before relaxing)
 .debug_str     0x00002e66      0x7c3 Drivers\STM32F7xx_HAL_Driver\Src\stm32f7xx_hal_uart.o
                               0x123c (size before relaxing)
 .debug_str     0x00003629       0x28 src\fft_data.o
                                0x672 (size before relaxing)
 .debug_str     0x00003651      0x1a5 src\main.o
                               0x2164 (size before relaxing)
 .debug_str     0x000037f6       0x1b src\stm32f7xx_hal_msp.o
                               0x1337 (size before relaxing)
 .debug_str     0x00003811       0xb8 src\stm32f7xx_it.o
                                0xbd5 (size before relaxing)
 .debug_str     0x000038c9       0x45 src\system_stm32f7xx.o
                                0x8d5 (size before relaxing)

.comment        0x00000000       0x7c
 .comment       0x00000000       0x7c Drivers\CMSIS\DSP_Lib\Source\CommonTables\arm_common_tables.o
                                 0x7d (size before relaxing)
 .comment       0x0000007c       0x7d Drivers\CMSIS\DSP_Lib\Source\CommonTables\arm_const_structs.o
 .comment       0x0000007c       0x7d Drivers\CMSIS\DSP_Lib\Source\ComplexMathFunctions\arm_cmplx_mag_f32.o
 .comment       0x0000007c       0x7d Drivers\CMSIS\DSP_Lib\Source\StatisticsFunctions\arm_max_f32.o
 .comment       0x0000007c       0x7d Drivers\CMSIS\DSP_Lib\Source\TransformFunctions\arm_cfft_f32.o
 .comment       0x0000007c       0x7d Drivers\CMSIS\DSP_Lib\Source\TransformFunctions\arm_cfft_radix8_f32.o
 .comment       0x0000007c       0x7d Drivers\STM32F7xx_HAL_Driver\Src\stm32f7xx_hal.o
 .comment       0x0000007c       0x7d Drivers\STM32F7xx_HAL_Driver\Src\stm32f7xx_hal_cortex.o
 .comment       0x0000007c       0x7d Drivers\STM32F7xx_HAL_Driver\Src\stm32f7xx_hal_dma.o
 .comment       0x0000007c       0x7d Drivers\STM32F7xx_HAL_Driver\Src\stm32f7xx_hal_gpio.o
 .comment       0x0000007c       0x7d Drivers\STM32F7xx_HAL_Driver\Src\stm32f7xx_hal_rcc.o
 .comment       0x0000007c       0x7d Drivers\STM32F7xx_HAL_Driver\Src\stm32f7xx_hal_rcc_ex.o
 .comment       0x0000007c       0x7d Drivers\STM32F7xx_HAL_Driver\Src\stm32f7xx_hal_uart.o
 .comment       0x0000007c       0x7d src\fft_data.o
 .comment       0x0000007c       0x7d src\main.o
 .comment       0x0000007c       0x7d src\stm32f7xx_hal_msp.o
 .comment       0x0000007c       0x7d src\stm32f7xx_it.o
 .comment       0x0000007c       0x7d src\system_stm32f7xx.o

.debug_ranges   0x00000000      0x638
 .debug_ranges  0x00000000       0x18 Drivers\CMSIS\DSP_Lib\Source\ComplexMathFunctions\arm_cmplx_mag_f32.o
 .debug_ranges  0x00000018       0x10 Drivers\CMSIS\DSP_Lib\Source\StatisticsFunctions\arm_max_f32.o
 .debug_ranges  0x00000028       0x20 Drivers\CMSIS\DSP_Lib\Source\TransformFunctions\arm_cfft_f32.o
 .debug_ranges  0x00000048       0x10 Drivers\CMSIS\DSP_Lib\Source\TransformFunctions\arm_cfft_radix8_f32.o
 .debug_ranges  0x00000058       0xd0 Drivers\STM32F7xx_HAL_Driver\Src\stm32f7xx_hal.o
 .debug_ranges  0x00000128      0x108 Drivers\STM32F7xx_HAL_Driver\Src\stm32f7xx_hal_cortex.o
 .debug_ranges  0x00000230       0x80 Drivers\STM32F7xx_HAL_Driver\Src\stm32f7xx_hal_dma.o
 .debug_ranges  0x000002b0       0x48 Drivers\STM32F7xx_HAL_Driver\Src\stm32f7xx_hal_gpio.o
 .debug_ranges  0x000002f8       0x78 Drivers\STM32F7xx_HAL_Driver\Src\stm32f7xx_hal_rcc.o
 .debug_ranges  0x00000370       0x20 Drivers\STM32F7xx_HAL_Driver\Src\stm32f7xx_hal_rcc_ex.o
 .debug_ranges  0x00000390      0x180 Drivers\STM32F7xx_HAL_Driver\Src\stm32f7xx_hal_uart.o
 .debug_ranges  0x00000510       0x78 src\main.o
 .debug_ranges  0x00000588       0x20 src\startup_stm32f769xx.o
 .debug_ranges  0x000005a8       0x20 src\stm32f7xx_hal_msp.o
 .debug_ranges  0x000005c8       0x58 src\stm32f7xx_it.o
 .debug_ranges  0x00000620       0x18 src\system_stm32f7xx.o

.debug_frame    0x00000000     0x1f60
 .debug_frame   0x00000000       0x5c Drivers\CMSIS\DSP_Lib\Source\ComplexMathFunctions\arm_cmplx_mag_f32.o
 .debug_frame   0x0000005c       0x34 Drivers\CMSIS\DSP_Lib\Source\StatisticsFunctions\arm_max_f32.o
 .debug_frame   0x00000090       0x88 Drivers\CMSIS\DSP_Lib\Source\TransformFunctions\arm_cfft_f32.o
 .debug_frame   0x00000118       0x38 Drivers\CMSIS\DSP_Lib\Source\TransformFunctions\arm_cfft_radix8_f32.o
 .debug_frame   0x00000150      0x330 Drivers\STM32F7xx_HAL_Driver\Src\stm32f7xx_hal.o
 .debug_frame   0x00000480      0x498 Drivers\STM32F7xx_HAL_Driver\Src\stm32f7xx_hal_cortex.o
 .debug_frame   0x00000918      0x250 Drivers\STM32F7xx_HAL_Driver\Src\stm32f7xx_hal_dma.o
 .debug_frame   0x00000b68      0x14c Drivers\STM32F7xx_HAL_Driver\Src\stm32f7xx_hal_gpio.o
 .debug_frame   0x00000cb4      0x1fc Drivers\STM32F7xx_HAL_Driver\Src\stm32f7xx_hal_rcc.o
 .debug_frame   0x00000eb0       0x88 Drivers\STM32F7xx_HAL_Driver\Src\stm32f7xx_hal_rcc_ex.o
 .debug_frame   0x00000f38      0x70c Drivers\STM32F7xx_HAL_Driver\Src\stm32f7xx_hal_uart.o
 .debug_frame   0x00001644      0x220 src\main.o
 .debug_frame   0x00001864       0x74 src\stm32f7xx_hal_msp.o
 .debug_frame   0x000018d8      0x128 src\stm32f7xx_it.o
 .debug_frame   0x00001a00       0x58 src\system_stm32f7xx.o
 .debug_frame   0x00001a58       0x2c c:/program files (x86)/atollic/truestudio for arm 8.0.0/armtools/bin/../lib/gcc/arm-atollic-eabi/6.3.1/../../../../arm-atollic-eabi/lib/armv7e-m\libc_nano.a(lib_a-init.o)
 .debug_frame   0x00001a84       0x20 c:/program files (x86)/atollic/truestudio for arm 8.0.0/armtools/bin/../lib/gcc/arm-atollic-eabi/6.3.1/../../../../arm-atollic-eabi/lib/armv7e-m\libm.a(lib_a-w_atan2.o)
 .debug_frame   0x00001aa4       0x38 c:/program files (x86)/atollic/truestudio for arm 8.0.0/armtools/bin/../lib/gcc/arm-atollic-eabi/6.3.1/../../../../arm-atollic-eabi/lib/armv7e-m\libm.a(lib_a-wf_sqrt.o)
 .debug_frame   0x00001adc       0x48 c:/program files (x86)/atollic/truestudio for arm 8.0.0/armtools/bin/../lib/gcc/arm-atollic-eabi/6.3.1/../../../../arm-atollic-eabi/lib/armv7e-m\libm.a(lib_a-e_atan2.o)
 .debug_frame   0x00001b24       0x2c c:/program files (x86)/atollic/truestudio for arm 8.0.0/armtools/bin/../lib/gcc/arm-atollic-eabi/6.3.1/../../../../arm-atollic-eabi/lib/armv7e-m\libm.a(lib_a-ef_sqrt.o)
 .debug_frame   0x00001b50       0x38 c:/program files (x86)/atollic/truestudio for arm 8.0.0/armtools/bin/../lib/gcc/arm-atollic-eabi/6.3.1/../../../../arm-atollic-eabi/lib/armv7e-m\libm.a(lib_a-s_atan.o)
 .debug_frame   0x00001b88       0x20 c:/program files (x86)/atollic/truestudio for arm 8.0.0/armtools/bin/../lib/gcc/arm-atollic-eabi/6.3.1/../../../../arm-atollic-eabi/lib/armv7e-m\libm.a(lib_a-s_fabs.o)
 .debug_frame   0x00001ba8       0x20 c:/program files (x86)/atollic/truestudio for arm 8.0.0/armtools/bin/../lib/gcc/arm-atollic-eabi/6.3.1/../../../../arm-atollic-eabi/lib/armv7e-m\libm.a(lib_a-s_matherr.o)
 .debug_frame   0x00001bc8       0x20 c:/program files (x86)/atollic/truestudio for arm 8.0.0/armtools/bin/../lib/gcc/arm-atollic-eabi/6.3.1/../../../../arm-atollic-eabi/lib/armv7e-m\libc_nano.a(lib_a-errno.o)
 .debug_frame   0x00001be8       0xac c:/program files (x86)/atollic/truestudio for arm 8.0.0/armtools/bin/../lib/gcc/arm-atollic-eabi/6.3.1/armv7e-m\libgcc.a(_arm_addsubdf3.o)
 .debug_frame   0x00001c94       0x50 c:/program files (x86)/atollic/truestudio for arm 8.0.0/armtools/bin/../lib/gcc/arm-atollic-eabi/6.3.1/armv7e-m\libgcc.a(_arm_muldivdf3.o)
 .debug_frame   0x00001ce4       0xc4 c:/program files (x86)/atollic/truestudio for arm 8.0.0/armtools/bin/../lib/gcc/arm-atollic-eabi/6.3.1/armv7e-m\libgcc.a(_arm_cmpdf2.o)
 .debug_frame   0x00001da8       0x24 c:/program files (x86)/atollic/truestudio for arm 8.0.0/armtools/bin/../lib/gcc/arm-atollic-eabi/6.3.1/armv7e-m\libgcc.a(_arm_truncdfsf2.o)
 .debug_frame   0x00001dcc       0x4c c:/program files (x86)/atollic/truestudio for arm 8.0.0/armtools/bin/../lib/gcc/arm-atollic-eabi/6.3.1/armv7e-m\libgcc.a(_arm_addsubsf3.o)
 .debug_frame   0x00001e18       0x38 c:/program files (x86)/atollic/truestudio for arm 8.0.0/armtools/bin/../lib/gcc/arm-atollic-eabi/6.3.1/armv7e-m\libgcc.a(_arm_muldivsf3.o)
 .debug_frame   0x00001e50       0xc8 c:/program files (x86)/atollic/truestudio for arm 8.0.0/armtools/bin/../lib/gcc/arm-atollic-eabi/6.3.1/armv7e-m\libgcc.a(_arm_cmpsf2.o)
 .debug_frame   0x00001f18       0x24 c:/program files (x86)/atollic/truestudio for arm 8.0.0/armtools/bin/../lib/gcc/arm-atollic-eabi/6.3.1/armv7e-m\libgcc.a(_arm_unordsf2.o)
 .debug_frame   0x00001f3c       0x24 c:/program files (x86)/atollic/truestudio for arm 8.0.0/armtools/bin/../lib/gcc/arm-atollic-eabi/6.3.1/armv7e-m\libgcc.a(_arm_fixsfsi.o)

.stabstr        0x00000000       0x3f
 .stabstr       0x00000000       0x3f c:/program files (x86)/atollic/truestudio for arm 8.0.0/armtools/bin/../lib/gcc/arm-atollic-eabi/6.3.1/../../../../arm-atollic-eabi/lib/armv7e-m\libnosys.a(write.o)

Cross Reference Table

Symbol                                            File
ADC_IRQHandler                                    src\startup_stm32f769xx.o
AHBPrescTable                                     src\system_stm32f7xx.o
                                                  Drivers\STM32F7xx_HAL_Driver\Src\stm32f7xx_ll_utils.o
                                                  Drivers\STM32F7xx_HAL_Driver\Src\stm32f7xx_hal_rcc.o
APBPrescTable                                     src\system_stm32f7xx.o
                                                  Drivers\STM32F7xx_HAL_Driver\Src\stm32f7xx_hal_rcc.o
BusFault_Handler                                  src\stm32f7xx_it.o
                                                  src\startup_stm32f769xx.o
CAN1_RX0_IRQHandler                               src\startup_stm32f769xx.o
CAN1_RX1_IRQHandler                               src\startup_stm32f769xx.o
CAN1_SCE_IRQHandler                               src\startup_stm32f769xx.o
CAN1_TX_IRQHandler                                src\startup_stm32f769xx.o
CAN2_RX0_IRQHandler                               src\startup_stm32f769xx.o
CAN2_RX1_IRQHandler                               src\startup_stm32f769xx.o
CAN2_SCE_IRQHandler                               src\startup_stm32f769xx.o
CAN2_TX_IRQHandler                                src\startup_stm32f769xx.o
CAN3_RX0_IRQHandler                               src\startup_stm32f769xx.o
CAN3_RX1_IRQHandler                               src\startup_stm32f769xx.o
CAN3_SCE_IRQHandler                               src\startup_stm32f769xx.o
CAN3_TX_IRQHandler                                src\startup_stm32f769xx.o
CEC_IRQHandler                                    src\startup_stm32f769xx.o
DCMI_IRQHandler                                   src\startup_stm32f769xx.o
DFSDM1_FLT0_IRQHandler                            src\startup_stm32f769xx.o
DFSDM1_FLT1_IRQHandler                            src\startup_stm32f769xx.o
DFSDM1_FLT2_IRQHandler                            src\startup_stm32f769xx.o
DFSDM1_FLT3_IRQHandler                            src\startup_stm32f769xx.o
DMA1_Stream0_IRQHandler                           src\startup_stm32f769xx.o
DMA1_Stream1_IRQHandler                           src\startup_stm32f769xx.o
DMA1_Stream2_IRQHandler                           src\startup_stm32f769xx.o
DMA1_Stream3_IRQHandler                           src\startup_stm32f769xx.o
DMA1_Stream4_IRQHandler                           src\startup_stm32f769xx.o
DMA1_Stream5_IRQHandler                           src\startup_stm32f769xx.o
DMA1_Stream6_IRQHandler                           src\startup_stm32f769xx.o
DMA1_Stream7_IRQHandler                           src\startup_stm32f769xx.o
DMA2D_IRQHandler                                  src\startup_stm32f769xx.o
DMA2_Stream0_IRQHandler                           src\startup_stm32f769xx.o
DMA2_Stream1_IRQHandler                           src\startup_stm32f769xx.o
DMA2_Stream2_IRQHandler                           src\startup_stm32f769xx.o
DMA2_Stream3_IRQHandler                           src\startup_stm32f769xx.o
DMA2_Stream4_IRQHandler                           src\startup_stm32f769xx.o
DMA2_Stream5_IRQHandler                           src\startup_stm32f769xx.o
DMA2_Stream6_IRQHandler                           src\startup_stm32f769xx.o
DMA2_Stream7_IRQHandler                           src\startup_stm32f769xx.o
DSI_IRQHandler                                    src\startup_stm32f769xx.o
DebugMon_Handler                                  src\stm32f7xx_it.o
                                                  src\startup_stm32f769xx.o
Default_Handler                                   src\startup_stm32f769xx.o
ETH_IRQHandler                                    src\startup_stm32f769xx.o
ETH_WKUP_IRQHandler                               src\startup_stm32f769xx.o
EXTI0_IRQHandler                                  src\startup_stm32f769xx.o
EXTI15_10_IRQHandler                              src\startup_stm32f769xx.o
EXTI1_IRQHandler                                  src\startup_stm32f769xx.o
EXTI2_IRQHandler                                  src\startup_stm32f769xx.o
EXTI3_IRQHandler                                  src\startup_stm32f769xx.o
EXTI4_IRQHandler                                  src\startup_stm32f769xx.o
EXTI9_5_IRQHandler                                src\startup_stm32f769xx.o
FLASH_Erase_Sector                                Drivers\STM32F7xx_HAL_Driver\Src\stm32f7xx_hal_flash_ex.o
                                                  Drivers\STM32F7xx_HAL_Driver\Src\stm32f7xx_hal_flash.o
FLASH_IRQHandler                                  src\startup_stm32f769xx.o
FLASH_WaitForLastOperation                        Drivers\STM32F7xx_HAL_Driver\Src\stm32f7xx_hal_flash.o
                                                  Drivers\STM32F7xx_HAL_Driver\Src\stm32f7xx_hal_flash_ex.o
FMC_IRQHandler                                    src\startup_stm32f769xx.o
FPU_IRQHandler                                    src\startup_stm32f769xx.o
HAL_DBGMCU_DisableDBGSleepMode                    Drivers\STM32F7xx_HAL_Driver\Src\stm32f7xx_hal.o
HAL_DBGMCU_DisableDBGStandbyMode                  Drivers\STM32F7xx_HAL_Driver\Src\stm32f7xx_hal.o
HAL_DBGMCU_DisableDBGStopMode                     Drivers\STM32F7xx_HAL_Driver\Src\stm32f7xx_hal.o
HAL_DBGMCU_EnableDBGSleepMode                     Drivers\STM32F7xx_HAL_Driver\Src\stm32f7xx_hal.o
HAL_DBGMCU_EnableDBGStandbyMode                   Drivers\STM32F7xx_HAL_Driver\Src\stm32f7xx_hal.o
HAL_DBGMCU_EnableDBGStopMode                      Drivers\STM32F7xx_HAL_Driver\Src\stm32f7xx_hal.o
HAL_DMAEx_ChangeMemory                            Drivers\STM32F7xx_HAL_Driver\Src\stm32f7xx_hal_dma_ex.o
HAL_DMAEx_MultiBufferStart                        Drivers\STM32F7xx_HAL_Driver\Src\stm32f7xx_hal_dma_ex.o
HAL_DMAEx_MultiBufferStart_IT                     Drivers\STM32F7xx_HAL_Driver\Src\stm32f7xx_hal_dma_ex.o
HAL_DMA_Abort                                     Drivers\STM32F7xx_HAL_Driver\Src\stm32f7xx_hal_dma.o
                                                  Drivers\STM32F7xx_HAL_Driver\Src\stm32f7xx_hal_uart.o
HAL_DMA_Abort_IT                                  Drivers\STM32F7xx_HAL_Driver\Src\stm32f7xx_hal_dma.o
                                                  Drivers\STM32F7xx_HAL_Driver\Src\stm32f7xx_hal_uart.o
                                                  Drivers\STM32F7xx_HAL_Driver\Src\stm32f7xx_hal_i2c.o