main.c:84:6:_Error_Handler	16	static
main.c:103:5:main	16	static
main.c:198:6:SystemClock_Config	232	static
main.c:254:13:MX_USART6_UART_Init	8	static
main.c:282:13:MX_GPIO_Init	16	static
main.c:296:6:HAL_UART_TxCpltCallback	16	static
main.c:314:6:HAL_UART_RxCpltCallback	16	static
main.c:327:13:convert_from_fp2uint8	32	static
main.c:345:13:convert_to_amplitude	32	static
main.c:355:13:compute_fft_phase	40	static
main.c:369:13:clean_tx_buffer	24	static
main.c:380:13:compute_Hanning_window	32	static
main.c:398:13:compute_Hamming_window	32	static
main.c:418:13:compute_Blackman_window	32	static
