stm32f7xx_hal_pwr.c:118:6:HAL_PWR_DeInit	4	static
stm32f7xx_hal_pwr.c:131:6:HAL_PWR_EnableBkUpAccess	4	static
stm32f7xx_hal_pwr.c:144:6:HAL_PWR_DisableBkUpAccess	4	static
stm32f7xx_hal_pwr.c:278:6:HAL_PWR_ConfigPVD	16	static
stm32f7xx_hal_pwr.c:321:6:HAL_PWR_EnablePVD	4	static
stm32f7xx_hal_pwr.c:331:6:HAL_PWR_DisablePVD	4	static
stm32f7xx_hal_pwr.c:354:6:HAL_PWR_EnableWakeUpPin	16	static
stm32f7xx_hal_pwr.c:378:6:HAL_PWR_DisableWakeUpPin	16	static
stm32f7xx_hal_pwr.c:405:6:HAL_PWR_EnterSLEEPMode	16	static
stm32f7xx_hal_pwr.c:448:6:HAL_PWR_EnterSTOPMode	24	static
stm32f7xx_hal_pwr.c:497:6:HAL_PWR_EnterSTANDBYMode	4	static
stm32f7xx_hal_pwr.c:518:6:HAL_PWR_PVD_IRQHandler	8	static
stm32f7xx_hal_pwr.c:535:13:HAL_PWR_PVDCallback	4	static
stm32f7xx_hal_pwr.c:550:6:HAL_PWR_EnableSleepOnExit	4	static
stm32f7xx_hal_pwr.c:562:6:HAL_PWR_DisableSleepOnExit	4	static
stm32f7xx_hal_pwr.c:574:6:HAL_PWR_EnableSEVOnPend	4	static
stm32f7xx_hal_pwr.c:586:6:HAL_PWR_DisableSEVOnPend	4	static
