stm32f7xx_hal_flash.c:182:19:HAL_FLASH_Program	32	static
stm32f7xx_hal_flash.c:251:19:HAL_FLASH_Program_IT	32	static
stm32f7xx_hal_flash.c:313:6:HAL_FLASH_IRQHandler	16	static
stm32f7xx_hal_flash.c:448:13:HAL_FLASH_EndOfOperationCallback	16	static
stm32f7xx_hal_flash.c:466:13:HAL_FLASH_OperationErrorCallback	16	static
stm32f7xx_hal_flash.c:498:19:HAL_FLASH_Unlock	4	static
stm32f7xx_hal_flash.c:518:19:HAL_FLASH_Lock	4	static
stm32f7xx_hal_flash.c:530:19:HAL_FLASH_OB_Unlock	4	static
stm32f7xx_hal_flash.c:550:19:HAL_FLASH_OB_Lock	4	static
stm32f7xx_hal_flash.c:562:19:HAL_FLASH_OB_Launch	8	static
stm32f7xx_hal_flash.c:598:10:HAL_FLASH_GetError	4	static
stm32f7xx_hal_flash.c:612:19:FLASH_WaitForLastOperation	24	static
stm32f7xx_hal_flash.c:667:13:FLASH_Program_DoubleWord	24	static
stm32f7xx_hal_flash.c:697:13:FLASH_Program_Word	16	static
stm32f7xx_hal_flash.c:726:13:FLASH_Program_HalfWord	16	static
stm32f7xx_hal_flash.c:756:13:FLASH_Program_Byte	16	static
stm32f7xx_hal_flash.c:777:13:FLASH_SetErrorCode	4	static
