stm32f7xx_hal.c:154:19:HAL_Init	8	static
stm32f7xx_hal.c:179:19:HAL_DeInit	8	static
stm32f7xx_hal.c:208:13:HAL_MspInit	4	static
stm32f7xx_hal.c:219:13:HAL_MspDeInit	4	static
stm32f7xx_hal.c:242:26:HAL_InitTick	16	static
stm32f7xx_hal.c:290:13:HAL_IncTick	4	static
stm32f7xx_hal.c:301:17:HAL_GetTick	4	static
stm32f7xx_hal.c:317:13:HAL_Delay	24	static
stm32f7xx_hal.c:336:13:HAL_SuspendTick	4	static
stm32f7xx_hal.c:352:13:HAL_ResumeTick	4	static
stm32f7xx_hal.c:362:10:HAL_GetHalVersion	4	static
stm32f7xx_hal.c:371:10:HAL_GetREVID	4	static
stm32f7xx_hal.c:380:10:HAL_GetDEVID	4	static
stm32f7xx_hal.c:389:6:HAL_DBGMCU_EnableDBGSleepMode	4	static
stm32f7xx_hal.c:398:6:HAL_DBGMCU_DisableDBGSleepMode	4	static
stm32f7xx_hal.c:407:6:HAL_DBGMCU_EnableDBGStopMode	4	static
stm32f7xx_hal.c:416:6:HAL_DBGMCU_DisableDBGStopMode	4	static
stm32f7xx_hal.c:425:6:HAL_DBGMCU_EnableDBGStandbyMode	4	static
stm32f7xx_hal.c:434:6:HAL_DBGMCU_DisableDBGStandbyMode	4	static
stm32f7xx_hal.c:445:6:HAL_EnableCompensationCell	4	static
stm32f7xx_hal.c:456:6:HAL_DisableCompensationCell	4	static
stm32f7xx_hal.c:469:6:HAL_EnableFMCMemorySwapping	4	static
stm32f7xx_hal.c:482:6:HAL_DisableFMCMemorySwapping	4	static
stm32f7xx_hal.c:499:6:HAL_EnableMemorySwappingBank	4	static
stm32f7xx_hal.c:514:6:HAL_DisableMemorySwappingBank	4	static
